Archive member included to satisfy reference by file (symbol)

/usr/lib/gcc/avr/8.2.0/../../../../avr/lib/avr5/libm.a(fixsfsi.o)
                              .build/obj_kb_default/common/mousekey.o (__fixsfsi)
/usr/lib/gcc/avr/8.2.0/../../../../avr/lib/avr5/libm.a(fixunssfsi.o)
                              /usr/lib/gcc/avr/8.2.0/../../../../avr/lib/avr5/libm.a(fixsfsi.o) (__fixunssfsi)
/usr/lib/gcc/avr/8.2.0/../../../../avr/lib/avr5/libm.a(floatsisf.o)
                              .build/obj_kb_default/common/mousekey.o (__floatsisf)
/usr/lib/gcc/avr/8.2.0/../../../../avr/lib/avr5/libm.a(fp_split3.o)
                              /usr/lib/gcc/avr/8.2.0/../../../../avr/lib/avr5/libm.a(fixunssfsi.o) (__fp_splitA)
/usr/lib/gcc/avr/8.2.0/../../../../avr/lib/avr5/libm.a(fp_zero.o)
                              /usr/lib/gcc/avr/8.2.0/../../../../avr/lib/avr5/libm.a(fixunssfsi.o) (__fp_zero)
/usr/lib/gcc/avr/8.2.0/../../../../avr/lib/avr5/libm.a(mulsf3.o)
                              .build/obj_kb_default/common/mousekey.o (__mulsf3)
/usr/lib/gcc/avr/8.2.0/../../../../avr/lib/avr5/libm.a(mulsf3x.o)
                              /usr/lib/gcc/avr/8.2.0/../../../../avr/lib/avr5/libm.a(mulsf3.o) (__mulsf3x)
/usr/lib/gcc/avr/8.2.0/../../../../avr/lib/avr5/libm.a(fp_inf.o)
                              /usr/lib/gcc/avr/8.2.0/../../../../avr/lib/avr5/libm.a(mulsf3x.o) (__fp_inf)
/usr/lib/gcc/avr/8.2.0/../../../../avr/lib/avr5/libm.a(fp_nan.o)
                              /usr/lib/gcc/avr/8.2.0/../../../../avr/lib/avr5/libm.a(mulsf3x.o) (__fp_nan)
/usr/lib/gcc/avr/8.2.0/../../../../avr/lib/avr5/libm.a(fp_pscA.o)
                              /usr/lib/gcc/avr/8.2.0/../../../../avr/lib/avr5/libm.a(mulsf3x.o) (__fp_pscA)
/usr/lib/gcc/avr/8.2.0/../../../../avr/lib/avr5/libm.a(fp_pscB.o)
                              /usr/lib/gcc/avr/8.2.0/../../../../avr/lib/avr5/libm.a(mulsf3x.o) (__fp_pscB)
/usr/lib/gcc/avr/8.2.0/../../../../avr/lib/avr5/libm.a(fp_round.o)
                              /usr/lib/gcc/avr/8.2.0/../../../../avr/lib/avr5/libm.a(mulsf3.o) (__fp_round)
/usr/lib/gcc/avr/8.2.0/avr5/libgcc.a(_udivmodhi4.o)
                              .build/obj_kb_default/quantum/rgblight.o (__udivmodhi4)
/usr/lib/gcc/avr/8.2.0/avr5/libgcc.a(_divmodhi4.o)
                              .build/obj_kb_default/quantum/rgblight.o (__divmodhi4)
/usr/lib/gcc/avr/8.2.0/avr5/libgcc.a(_exit.o)
                              /usr/lib/gcc/avr/8.2.0/../../../../avr/lib/avr5/crtatmega32u4.o (exit)
/usr/lib/gcc/avr/8.2.0/avr5/libgcc.a(_tablejump2.o)
                              .build/obj_kb_default/quantum/quantum.o (__tablejump2__)
/usr/lib/gcc/avr/8.2.0/avr5/libgcc.a(_copy_data.o)
                              .build/obj_kb_default/quantum/matrix.o (__do_copy_data)
/usr/lib/gcc/avr/8.2.0/avr5/libgcc.a(_clear_bss.o)
                              .build/obj_kb_default/quantum/quantum.o (__do_clear_bss)
/usr/lib/gcc/avr/8.2.0/../../../../avr/lib/avr5/libatmega32u4.a(eerd_byte.o)
                              .build/obj_kb_default/common/eeconfig.o (eeprom_read_byte)
/usr/lib/gcc/avr/8.2.0/../../../../avr/lib/avr5/libatmega32u4.a(eerd_dword.o)
                              .build/obj_kb_default/quantum/rgblight.o (eeprom_read_dword)
/usr/lib/gcc/avr/8.2.0/../../../../avr/lib/avr5/libatmega32u4.a(eerd_word.o)
                              .build/obj_kb_default/common/eeconfig.o (eeprom_read_word)
/usr/lib/gcc/avr/8.2.0/../../../../avr/lib/avr5/libatmega32u4.a(eeupd_byte.o)
                              .build/obj_kb_default/common/eeconfig.o (eeprom_update_byte)
/usr/lib/gcc/avr/8.2.0/../../../../avr/lib/avr5/libatmega32u4.a(eeupd_dword.o)
                              .build/obj_kb_default/quantum/rgblight.o (eeprom_update_dword)
/usr/lib/gcc/avr/8.2.0/../../../../avr/lib/avr5/libatmega32u4.a(eeupd_word.o)
                              .build/obj_kb_default/common/eeconfig.o (eeprom_update_word)
/usr/lib/gcc/avr/8.2.0/../../../../avr/lib/avr5/libatmega32u4.a(eerd_block.o)
                              /usr/lib/gcc/avr/8.2.0/../../../../avr/lib/avr5/libatmega32u4.a(eerd_dword.o) (eeprom_read_blraw)

Allocating common symbols
Common symbol       size              file

rgblight_config     0x4               .build/obj_kb_default/quantum/rgblight.o
USB_IsInitialized   0x1               .build/obj_kb_default/protocol/lufa/LUFA-git/LUFA/Drivers/USB/Core/USBTask.o
keymap_config       0x2               .build/obj_kb_default/common/bootmagic.o
inmem_config        0x4               .build/obj_kb_default/quantum/rgblight.o
USB_DeviceState     0x1               .build/obj_kb_default/protocol/lufa/LUFA-git/LUFA/Drivers/USB/Core/USBTask.o
USB_Device_ConfigurationNumber
                    0x1               .build/obj_kb_default/protocol/lufa/LUFA-git/LUFA/Drivers/USB/Core/DeviceStandardReq.o
led                 0x12              .build/obj_kb_default/quantum/rgblight.o
USB_Device_CurrentlySelfPowered
[...]
Memory Configuration

Name             Origin             Length             Attributes
text             0x0000000000000000 0x0000000000020000 xr
data             0x0000000000800060 0x000000000000ffa0 rw !x
eeprom           0x0000000000810000 0x0000000000010000 rw !x
fuse             0x0000000000820000 0x0000000000000400 rw !x
lock             0x0000000000830000 0x0000000000000400 rw !x
signature        0x0000000000840000 0x0000000000000400 rw !x
user_signatures  0x0000000000850000 0x0000000000000400 rw !x
*default*        0x0000000000000000 0xffffffffffffffff

Linker script and memory map

Address of section .data set to 0x800100
LOAD /usr/lib/gcc/avr/8.2.0/../../../../avr/lib/avr5/crtatmega32u4.o
LOAD .build/obj_kb_default/keyboards/kb/kb.o
LOAD .build/obj_kb_default/keyboards/kb/keymaps/default/keymap.o
LOAD .build/obj_kb_default/quantum/quantum.o
LOAD .build/obj_kb_default/quantum/keymap_common.o
LOAD .build/obj_kb_default/quantum/keycode_config.o
LOAD .build/obj_kb_default/quantum/process_keycode/process_leader.o
LOAD .build/obj_kb_default/quantum/matrix.o
LOAD .build/obj_kb_default/quantum/light_ws2812.o
LOAD .build/obj_kb_default/quantum/rgblight.o
LOAD .build/obj_kb_default/common/host.o
LOAD .build/obj_kb_default/common/keyboard.o
LOAD .build/obj_kb_default/common/action.o
LOAD .build/obj_kb_default/common/action_tapping.o
LOAD .build/obj_kb_default/common/action_macro.o
LOAD .build/obj_kb_default/common/action_layer.o
LOAD .build/obj_kb_default/common/action_util.o
LOAD .build/obj_kb_default/common/print.o
LOAD .build/obj_kb_default/common/debug.o
LOAD .build/obj_kb_default/common/util.o
LOAD .build/obj_kb_default/common/eeconfig.o
LOAD .build/obj_kb_default/common/avr/suspend.o
LOAD .build/obj_kb_default/common/avr/timer.o
LOAD .build/obj_kb_default/common/avr/bootloader.o
LOAD .build/obj_kb_default/common/avr/xprintf.o
LOAD .build/obj_kb_default/common/bootmagic.o
LOAD .build/obj_kb_default/common/mousekey.o
LOAD .build/obj_kb_default/lufa.o
LOAD .build/obj_kb_default/descriptor.o
LOAD .build/obj_kb_default/protocol/lufa/LUFA-git/LUFA/Drivers/USB/Class/Common/HIDParser.o
LOAD .build/obj_kb_default/protocol/lufa/LUFA-git/LUFA/Drivers/USB/Core/AVR8/Device_AVR8.o
LOAD .build/obj_kb_default/protocol/lufa/LUFA-git/LUFA/Drivers/USB/Core/AVR8/EndpointStream_AVR8.o
LOAD .build/obj_kb_default/protocol/lufa/LUFA-git/LUFA/Drivers/USB/Core/AVR8/Endpoint_AVR8.o
LOAD .build/obj_kb_default/protocol/lufa/LUFA-git/LUFA/Drivers/USB/Core/AVR8/Host_AVR8.o
LOAD .build/obj_kb_default/protocol/lufa/LUFA-git/LUFA/Drivers/USB/Core/AVR8/PipeStream_AVR8.o
LOAD .build/obj_kb_default/protocol/lufa/LUFA-git/LUFA/Drivers/USB/Core/AVR8/Pipe_AVR8.o
LOAD .build/obj_kb_default/protocol/lufa/LUFA-git/LUFA/Drivers/USB/Core/AVR8/USBController_AVR8.o
LOAD .build/obj_kb_default/protocol/lufa/LUFA-git/LUFA/Drivers/USB/Core/AVR8/USBInterrupt_AVR8.o
LOAD .build/obj_kb_default/protocol/lufa/LUFA-git/LUFA/Drivers/USB/Core/ConfigDescriptors.o
LOAD .build/obj_kb_default/protocol/lufa/LUFA-git/LUFA/Drivers/USB/Core/DeviceStandardReq.o
LOAD .build/obj_kb_default/protocol/lufa/LUFA-git/LUFA/Drivers/USB/Core/Events.o
LOAD .build/obj_kb_default/protocol/lufa/LUFA-git/LUFA/Drivers/USB/Core/HostStandardReq.o
LOAD .build/obj_kb_default/protocol/lufa/LUFA-git/LUFA/Drivers/USB/Core/USBTask.o
LOAD /usr/lib/gcc/avr/8.2.0/../../../../avr/lib/avr5/libm.a
START GROUP
LOAD /usr/lib/gcc/avr/8.2.0/avr5/libgcc.a
LOAD /usr/lib/gcc/avr/8.2.0/../../../../avr/lib/avr5/libm.a
LOAD /usr/lib/gcc/avr/8.2.0/../../../../avr/lib/avr5/libc.a
LOAD /usr/lib/gcc/avr/8.2.0/../../../../avr/lib/avr5/libatmega32u4.a
END GROUP
                0x0000000000020000                __TEXT_REGION_LENGTH__ = DEFINED (__TEXT_REGION_LENGTH__)?__TEXT_REGION_LENGTH__:0x20000
                0x000000000000ffa0                __DATA_REGION_LENGTH__ = DEFINED (__DATA_REGION_LENGTH__)?__DATA_REGION_LENGTH__:0xffa0
                0x0000000000010000                __EEPROM_REGION_LENGTH__ = DEFINED (__EEPROM_REGION_LENGTH__)?__EEPROM_REGION_LENGTH__:0x10000
                0x0000000000000400                __FUSE_REGION_LENGTH__ = DEFINED (__FUSE_REGION_LENGTH__)?__FUSE_REGION_LENGTH__:0x400
                0x0000000000000400                __LOCK_REGION_LENGTH__ = DEFINED (__LOCK_REGION_LENGTH__)?__LOCK_REGION_LENGTH__:0x400
                0x0000000000000400                __SIGNATURE_REGION_LENGTH__ = DEFINED (__SIGNATURE_REGION_LENGTH__)?__SIGNATURE_REGION_LENGTH__:0x400
                0x0000000000000400                __USER_SIGNATURE_REGION_LENGTH__ = DEFINED (__USER_SIGNATURE_REGION_LENGTH__)?__USER_SIGNATURE_REGION_LENGTH__:0x400

.hash
 *(.hash)

.dynsym
 *(.dynsym)

.dynstr
 *(.dynstr)

.gnu.version
 *(.gnu.version)

.gnu.version_d
 *(.gnu.version_d)

.gnu.version_r
 *(.gnu.version_r)

.rel.init
 *(.rel.init)

.rela.init
 *(.rela.init)

.rel.text
 *(.rel.text)
 *(.rel.text.*)
 *(.rel.gnu.linkonce.t*)

.rela.text
 *(.rela.text)
 *(.rela.text.*)
 *(.rela.gnu.linkonce.t*)

.rel.fini
 *(.rel.fini)

.rela.fini
 *(.rela.fini)

.rel.rodata
 *(.rel.rodata)
 *(.rel.rodata.*)
 *(.rel.gnu.linkonce.r*)

.rela.rodata
 *(.rela.rodata)
 *(.rela.rodata.*)
 *(.rela.gnu.linkonce.r*)

.rel.data
 *(.rel.data)
 *(.rel.data.*)
 *(.rel.gnu.linkonce.d*)

.rela.data
 *(.rela.data)
 *(.rela.data.*)
 *(.rela.gnu.linkonce.d*)

.rel.ctors
 *(.rel.ctors)

.rela.ctors
 *(.rela.ctors)

.rel.dtors
 *(.rel.dtors)

.rela.dtors
 *(.rela.dtors)

.rel.got
 *(.rel.got)

.rela.got
 *(.rela.got)

.rel.bss
 *(.rel.bss)

.rela.bss
 *(.rela.bss)

.rel.plt
 *(.rel.plt)

.rela.plt
 *(.rela.plt)

.text           0x0000000000000000     0x5290
 *(.vectors)
 .vectors       0x0000000000000000       0xac /usr/lib/gcc/avr/8.2.0/../../../../avr/lib/avr5/crtatmega32u4.o
                0x0000000000000000                __vectors
                0x0000000000000000                __vector_default
 *(.vectors)
 *(.progmem.gcc*)
                0x00000000000000ac                . = ALIGN (0x2)
                0x00000000000000ac                __trampolines_start = .
 *(.trampolines)
 .trampolines   0x00000000000000ac        0x0 linker stubs
 *(.trampolines*)
                0x00000000000000ac                __trampolines_end = .
 *libprintf_flt.a:*(.progmem.data)
 *libc.a:*(.progmem.data)
 *(.progmem.*)
 .progmem.data.__m.5376
                0x00000000000000ac       0xc5 .build/obj_kb_default/keyboards/kb/keymaps/default/keymap.o
 .progmem.data.keymaps
                0x0000000000000171      0x600 .build/obj_kb_default/keyboards/kb/keymaps/default/keymap.o
                0x0000000000000171                keymaps
 .progmem.data.fn_actions
                0x0000000000000771        0x0 .build/obj_kb_default/quantum/keymap_common.o
                0x0000000000000771                fn_actions
 .progmem.data.RGBLED_KNIGHT_INTERVALS
                0x0000000000000771        0x3 .build/obj_kb_default/quantum/rgblight.o
                0x0000000000000771                RGBLED_KNIGHT_INTERVALS
 .progmem.data.RGBLED_SNAKE_INTERVALS
                0x0000000000000774        0x3 .build/obj_kb_default/quantum/rgblight.o
                0x0000000000000774                RGBLED_SNAKE_INTERVALS
 .progmem.data.RGBLED_RAINBOW_MOOD_INTERVALS
                0x0000000000000777        0x3 .build/obj_kb_default/quantum/rgblight.o
                0x0000000000000777                RGBLED_RAINBOW_MOOD_INTERVALS
 .progmem.data.RGBLED_BREATHING_INTERVALS
                0x000000000000077a        0x4 .build/obj_kb_default/quantum/rgblight.o
                0x000000000000077a                RGBLED_BREATHING_INTERVALS
 .progmem.data.RGBLED_BREATHING_TABLE
                0x000000000000077e      0x100 .build/obj_kb_default/quantum/rgblight.o
                0x000000000000077e                RGBLED_BREATHING_TABLE
 .progmem.data.DIM_CURVE
                0x000000000000087e      0x100 .build/obj_kb_default/quantum/rgblight.o
                0x000000000000087e                DIM_CURVE
 .progmem.data.ProductString
                0x000000000000097e       0x14 .build/obj_kb_default/descriptor.o
                0x000000000000097e                ProductString
 .progmem.data.ManufacturerString
                0x0000000000000992       0x18 .build/obj_kb_default/descriptor.o
                0x0000000000000992                ManufacturerString
 .progmem.data.LanguageString
                0x00000000000009aa        0x4 .build/obj_kb_default/descriptor.o
                0x00000000000009aa                LanguageString
 .progmem.data.ConfigurationDescriptor
                0x00000000000009ae       0x6d .build/obj_kb_default/descriptor.o
                0x00000000000009ae                ConfigurationDescriptor
 .progmem.data.DeviceDescriptor
                0x0000000000000a1b       0x12 .build/obj_kb_default/descriptor.o
                0x0000000000000a1b                DeviceDescriptor
 .progmem.data.NKROReport
                0x0000000000000a2d       0x39 .build/obj_kb_default/descriptor.o
                0x0000000000000a2d                NKROReport
 .progmem.data.ExtrakeyReport
                0x0000000000000a66       0x36 .build/obj_kb_default/descriptor.o
                0x0000000000000a66                ExtrakeyReport
 .progmem.data.MouseReport
                0x0000000000000a9c       0x4d .build/obj_kb_default/descriptor.o
                0x0000000000000a9c                MouseReport
 .progmem.data.KeyboardReport
                0x0000000000000ae9       0x40 .build/obj_kb_default/descriptor.o
                0x0000000000000ae9                KeyboardReport
                0x0000000000000b2a                . = ALIGN (0x2)
 *fill*         0x0000000000000b29        0x1 
 *(.lowtext)
 *(.lowtext*)
                0x0000000000000b2a                __ctors_start = .
 *(.ctors)
                0x0000000000000b2a                __ctors_end = .
                0x0000000000000b2a                __dtors_start = .
 *(.dtors)
                0x0000000000000b2a                __dtors_end = .
 SORT_BY_NAME(*)(.ctors)
 SORT_BY_NAME(*)(.dtors)
 *(.init0)
 .init0         0x0000000000000b2a        0x0 /usr/lib/gcc/avr/8.2.0/../../../../avr/lib/avr5/crtatmega32u4.o
                0x0000000000000b2a                __init
 *(.init0)
 *(.init1)
 *(.init1)
 *(.init2)
 .init2         0x0000000000000b2a        0xc /usr/lib/gcc/avr/8.2.0/../../../../avr/lib/avr5/crtatmega32u4.o
 *(.init2)
 *(.init3)
 .init3         0x0000000000000b36       0x54 .build/obj_kb_default/common/avr/bootloader.o
                0x0000000000000b36                bootloader_jump_after_watchdog_reset
 *(.init3)
 *(.init4)
 .init4         0x0000000000000b8a       0x16 /usr/lib/gcc/avr/8.2.0/avr5/libgcc.a(_copy_data.o)
                0x0000000000000b8a                __do_copy_data
 .init4         0x0000000000000ba0       0x10 /usr/lib/gcc/avr/8.2.0/avr5/libgcc.a(_clear_bss.o)
                0x0000000000000ba0                __do_clear_bss
 *(.init4)
 *(.init5)
 *(.init5)
 *(.init6)
 *(.init6)
 *(.init7)
 *(.init7)
 *(.init8)
 *(.init8)
 *(.init9)
 .init9         0x0000000000000bb0        0x8 /usr/lib/gcc/avr/8.2.0/../../../../avr/lib/avr5/crtatmega32u4.o
 *(.init9)
 *(.text)
 .text          0x0000000000000bb8        0x4 /usr/lib/gcc/avr/8.2.0/../../../../avr/lib/avr5/crtatmega32u4.o
                0x0000000000000bb8                __vector_38
                0x0000000000000bb8                __vector_22
                0x0000000000000bb8                __vector_28
                0x0000000000000bb8                __vector_1
                0x0000000000000bb8                __vector_32
                0x0000000000000bb8                __vector_34
                0x0000000000000bb8                __vector_24
                0x0000000000000bb8                __bad_interrupt
                0x0000000000000bb8                __vector_6
                0x0000000000000bb8                __vector_31
                0x0000000000000bb8                __vector_35
                0x0000000000000bb8                __vector_39
                0x0000000000000bb8                __vector_3
                0x0000000000000bb8                __vector_23
                0x0000000000000bb8                __vector_30
                0x0000000000000bb8                __vector_25
                0x0000000000000bb8                __vector_13
                0x0000000000000bb8                __vector_17
                0x0000000000000bb8                __vector_19
                0x0000000000000bb8                __vector_7
                0x0000000000000bb8                __vector_41
                0x0000000000000bb8                __vector_27
                0x0000000000000bb8                __vector_5
                0x0000000000000bb8                __vector_33
                0x0000000000000bb8                __vector_37
                0x0000000000000bb8                __vector_4
                0x0000000000000bb8                __vector_9
                0x0000000000000bb8                __vector_2
                0x0000000000000bb8                __vector_15
                0x0000000000000bb8                __vector_36
                0x0000000000000bb8                __vector_29
                0x0000000000000bb8                __vector_40
                0x0000000000000bb8                __vector_8
                0x0000000000000bb8                __vector_26
                0x0000000000000bb8                __vector_14
                0x0000000000000bb8                __vector_16
                0x0000000000000bb8                __vector_18
                0x0000000000000bb8                __vector_20
                0x0000000000000bb8                __vector_42
                0x0000000000000bbc                . = ALIGN (0x2)
 *(.text.*)
 .text.action_get_macro
                0x0000000000000bbc       0x18 .build/obj_kb_default/keyboards/kb/keymaps/default/keymap.o
                0x0000000000000bbc                action_get_macro
 .text.matrix_init_user
                0x0000000000000bd4        0x2 .build/obj_kb_default/keyboards/kb/keymaps/default/keymap.o
                0x0000000000000bd4                matrix_init_user
 .text.matrix_scan_user
                0x0000000000000bd6        0x2 .build/obj_kb_default/keyboards/kb/keymaps/default/keymap.o
                0x0000000000000bd6                matrix_scan_user
 .text.process_record_user
                0x0000000000000bd8        0x4 .build/obj_kb_default/keyboards/kb/keymaps/default/keymap.o
                0x0000000000000bd8                process_record_user
 .text.led_set_user
                0x0000000000000bdc        0x2 .build/obj_kb_default/keyboards/kb/keymaps/default/keymap.o
                0x0000000000000bdc                led_set_user
 .text.process_action_kb
                0x0000000000000bde        0x4 .build/obj_kb_default/quantum/quantum.o
                0x0000000000000bde                process_action_kb
 .text.process_record_kb
                0x0000000000000be2        0x4 .build/obj_kb_default/quantum/quantum.o
                0x0000000000000be2                process_record_kb
 .text.reset_keyboard
                0x0000000000000be6       0x1a .build/obj_kb_default/quantum/quantum.o
                0x0000000000000be6                reset_keyboard
 .text.process_record_quantum
                0x0000000000000c00      0x302 .build/obj_kb_default/quantum/quantum.o
                0x0000000000000c00                process_record_quantum
 .text.matrix_init_quantum
                0x0000000000000f02        0x4 .build/obj_kb_default/quantum/quantum.o
                0x0000000000000f02                matrix_init_quantum
 .text.matrix_scan_quantum
                0x0000000000000f06        0x4 .build/obj_kb_default/quantum/quantum.o
                0x0000000000000f06                matrix_scan_quantum
 .text.led_set_kb
                0x0000000000000f0a        0x4 .build/obj_kb_default/quantum/quantum.o
                0x0000000000000f0a                led_set_kb
 .text.led_set  0x0000000000000f0e        0x4 .build/obj_kb_default/quantum/quantum.o
                0x0000000000000f0e                led_set
 .text.action_function
                0x0000000000000f12        0x2 .build/obj_kb_default/quantum/keymap_common.o
                0x0000000000000f12                action_function
 .text.keymap_key_to_keycode
                0x0000000000000f14       0x28 .build/obj_kb_default/quantum/keymap_common.o
                0x0000000000000f14                keymap_key_to_keycode
 .text.keymap_function_id_to_action
                0x0000000000000f3c       0x10 .build/obj_kb_default/quantum/keymap_common.o
                0x0000000000000f3c                keymap_function_id_to_action
 .text.action_for_key
                0x0000000000000f4c      0x2e8 .build/obj_kb_default/quantum/keymap_common.o
                0x0000000000000f4c                action_for_key
 .text.keycode_config
                0x0000000000001234       0xf6 .build/obj_kb_default/quantum/keycode_config.o
                0x0000000000001234                keycode_config
 .text.leader_start
                0x000000000000132a        0x2 .build/obj_kb_default/quantum/process_keycode/process_leader.o
                0x000000000000132a                leader_start
 .text.process_leader
                0x000000000000132c       0x9e .build/obj_kb_default/quantum/process_keycode/process_leader.o
                0x000000000000132c                process_leader
 .text.matrix_init_kb
                0x00000000000013ca        0x4 .build/obj_kb_default/quantum/matrix.o
                0x00000000000013ca                matrix_init_kb
 .text.matrix_scan_kb
                0x00000000000013ce        0x4 .build/obj_kb_default/quantum/matrix.o
                0x00000000000013ce                matrix_scan_kb
 .text.matrix_init
                0x00000000000013d2       0xc8 .build/obj_kb_default/quantum/matrix.o
                0x00000000000013d2                matrix_init
 .text.matrix_scan
                0x000000000000149a      0x18a .build/obj_kb_default/quantum/matrix.o
                0x000000000000149a                matrix_scan
 .text.matrix_get_row
                0x0000000000001624       0x12 .build/obj_kb_default/quantum/matrix.o
                0x0000000000001624                matrix_get_row
 .text.matrix_print
                0x0000000000001636        0x2 .build/obj_kb_default/quantum/matrix.o
                0x0000000000001636                matrix_print
 .text.ws2812_sendarray_mask
                0x0000000000001638       0x44 .build/obj_kb_default/quantum/light_ws2812.o
                0x0000000000001638                ws2812_sendarray_mask
 .text.ws2812_setleds_pin
                0x000000000000167c       0x22 .build/obj_kb_default/quantum/light_ws2812.o
                0x000000000000167c                ws2812_setleds_pin
 .text.ws2812_setleds
                0x000000000000169e        0x6 .build/obj_kb_default/quantum/light_ws2812.o
                0x000000000000169e                ws2812_setleds
 .text.sethsv   0x00000000000016a4       0xea .build/obj_kb_default/quantum/rgblight.o
                0x00000000000016a4                sethsv
 .text.eeconfig_read_rgblight
                0x000000000000178e        0x8 .build/obj_kb_default/quantum/rgblight.o
                0x000000000000178e                eeconfig_read_rgblight
 .text.eeconfig_update_rgblight
                0x0000000000001796        0xc .build/obj_kb_default/quantum/rgblight.o
                0x0000000000001796                eeconfig_update_rgblight
 .text.eeconfig_update_rgblight_default
                0x00000000000017a2       0x24 .build/obj_kb_default/quantum/rgblight.o
                0x00000000000017a2                eeconfig_update_rgblight_default
 .text.rgblight_set
                0x00000000000017c6       0x2a .build/obj_kb_default/quantum/rgblight.o
                0x00000000000017c6                rgblight_set
 .text.rgblight_setrgb
                0x00000000000017f0       0x18 .build/obj_kb_default/quantum/rgblight.o
                0x00000000000017f0                rgblight_setrgb
 .text.rgblight_sethsv_noeeprom
                0x0000000000001808       0x96 .build/obj_kb_default/quantum/rgblight.o
                0x0000000000001808                rgblight_sethsv_noeeprom
 .text.rgblight_sethsv
                0x000000000000189e       0xa6 .build/obj_kb_default/quantum/rgblight.o
                0x000000000000189e                rgblight_sethsv
 .text.rgblight_increase_hue
                0x0000000000001944       0x30 .build/obj_kb_default/quantum/rgblight.o
                0x0000000000001944                rgblight_increase_hue
 .text.rgblight_decrease_hue
                0x0000000000001974       0x3e .build/obj_kb_default/quantum/rgblight.o
                0x0000000000001974                rgblight_decrease_hue
 .text.rgblight_increase_sat
                0x00000000000019b2       0x30 .build/obj_kb_default/quantum/rgblight.o
                0x00000000000019b2                rgblight_increase_sat
 .text.rgblight_decrease_sat
                0x00000000000019e2       0x30 .build/obj_kb_default/quantum/rgblight.o
                0x00000000000019e2                rgblight_decrease_sat
 .text.rgblight_increase_val
                0x0000000000001a12       0x30 .build/obj_kb_default/quantum/rgblight.o
                0x0000000000001a12                rgblight_increase_val
 .text.rgblight_decrease_val
                0x0000000000001a42       0x30 .build/obj_kb_default/quantum/rgblight.o
                0x0000000000001a42                rgblight_decrease_val
 .text.rgblight_mode
                0x0000000000001a72       0x80 .build/obj_kb_default/quantum/rgblight.o
                0x0000000000001a72                rgblight_mode
 .text.rgblight_init
                0x0000000000001af2       0x68 .build/obj_kb_default/quantum/rgblight.o
                0x0000000000001af2                rgblight_init
 .text.rgblight_step
                0x0000000000001b5a       0x14 .build/obj_kb_default/quantum/rgblight.o
                0x0000000000001b5a                rgblight_step
 .text.rgblight_toggle
                0x0000000000001b6e       0x4e .build/obj_kb_default/quantum/rgblight.o
                0x0000000000001b6e                rgblight_toggle
 .text.rgblight_effect_breathing
                0x0000000000001bbc       0x6a .build/obj_kb_default/quantum/rgblight.o
                0x0000000000001bbc                rgblight_effect_breathing
 .text.rgblight_effect_rainbow_mood
                0x0000000000001c26       0x60 .build/obj_kb_default/quantum/rgblight.o
                0x0000000000001c26                rgblight_effect_rainbow_mood
 .text.rgblight_effect_rainbow_swirl
                0x0000000000001c86       0xae .build/obj_kb_default/quantum/rgblight.o
                0x0000000000001c86                rgblight_effect_rainbow_swirl
 .text.rgblight_effect_snake
                0x0000000000001d34      0x110 .build/obj_kb_default/quantum/rgblight.o
                0x0000000000001d34                rgblight_effect_snake
 .text.rgblight_effect_knight
                0x0000000000001e44      0x172 .build/obj_kb_default/quantum/rgblight.o
                0x0000000000001e44                rgblight_effect_knight
 .text.rgblight_effect_christmas
                0x0000000000001fb6       0x66 .build/obj_kb_default/quantum/rgblight.o
                0x0000000000001fb6                rgblight_effect_christmas
 .text.rgblight_task
                0x000000000000201c       0x66 .build/obj_kb_default/quantum/rgblight.o
                0x000000000000201c                rgblight_task
 .text.host_set_driver
                0x0000000000002082        0xa .build/obj_kb_default/common/host.o
                0x0000000000002082                host_set_driver
 .text.host_keyboard_leds
                0x000000000000208c       0x18 .build/obj_kb_default/common/host.o
                0x000000000000208c                host_keyboard_leds
 .text.host_keyboard_send
                0x00000000000020a4       0x16 .build/obj_kb_default/common/host.o
                0x00000000000020a4                host_keyboard_send
 .text.host_mouse_send
                0x00000000000020ba       0x16 .build/obj_kb_default/common/host.o
                0x00000000000020ba                host_mouse_send
 .text.host_system_send
                0x00000000000020d0       0x2c .build/obj_kb_default/common/host.o
                0x00000000000020d0                host_system_send
 .text.host_consumer_send
                0x00000000000020fc       0x2c .build/obj_kb_default/common/host.o
                0x00000000000020fc                host_consumer_send
 .text.matrix_setup
                0x0000000000002128        0x2 .build/obj_kb_default/common/keyboard.o
                0x0000000000002128                matrix_setup
 .text.keyboard_setup
                0x000000000000212a        0x4 .build/obj_kb_default/common/keyboard.o
                0x000000000000212a                keyboard_setup
 .text.keyboard_init
                0x000000000000212e       0x10 .build/obj_kb_default/common/keyboard.o
                0x000000000000212e                keyboard_init
 .text.keyboard_task
                0x000000000000213e      0x174 .build/obj_kb_default/common/keyboard.o
                0x000000000000213e                keyboard_task
 .text.action_exec
                0x00000000000022b2       0x54 .build/obj_kb_default/common/action.o
                0x00000000000022b2                action_exec
 .text.register_code
                0x0000000000002306      0x1b8 .build/obj_kb_default/common/action.o
                0x0000000000002306                register_code
 .text.unregister_code
                0x00000000000024be       0x9e .build/obj_kb_default/common/action.o
                0x00000000000024be                unregister_code
 .text.register_mods
                0x000000000000255c        0xe .build/obj_kb_default/common/action.o
                0x000000000000255c                register_mods
 .text.unregister_mods
                0x000000000000256a        0xe .build/obj_kb_default/common/action.o
                0x000000000000256a                unregister_mods
 .text.process_action
                0x0000000000002578      0x3fc .build/obj_kb_default/common/action.o
                0x0000000000002578                process_action
 .text.process_record
                0x0000000000002974       0x54 .build/obj_kb_default/common/action.o
                0x0000000000002974                process_record
 .text.clear_keyboard_but_mods
                0x00000000000029c8       0x28 .build/obj_kb_default/common/action.o
                0x00000000000029c8                clear_keyboard_but_mods
 .text.clear_keyboard
                0x00000000000029f0        0x8 .build/obj_kb_default/common/action.o
                0x00000000000029f0                clear_keyboard
 .text.is_tap_key
                0x00000000000029f8       0x42 .build/obj_kb_default/common/action.o
                0x00000000000029f8                is_tap_key
 .text.debug_event
                0x0000000000002a3a       0x1e .build/obj_kb_default/common/action.o
                0x0000000000002a3a                debug_event
 .text.debug_record
                0x0000000000002a58       0x20 .build/obj_kb_default/common/action.o
                0x0000000000002a58                debug_record
 .text.debug_waiting_buffer
                0x0000000000002a78       0x42 .build/obj_kb_default/common/action_tapping.o
 .text.debug_tapping_key
                0x0000000000002aba       0x1c .build/obj_kb_default/common/action_tapping.o
 .text.waiting_buffer_scan_tap
                0x0000000000002ad6       0xc8 .build/obj_kb_default/common/action_tapping.o
 .text.process_tapping
                0x0000000000002b9e      0x372 .build/obj_kb_default/common/action_tapping.o
 .text.action_tapping_process
                0x0000000000002f10      0x134 .build/obj_kb_default/common/action_tapping.o
                0x0000000000002f10                action_tapping_process
 .text.action_macro_play
                0x0000000000003044       0xf0 .build/obj_kb_default/common/action_macro.o
                0x0000000000003044                action_macro_play
 .text.default_layer_debug
                0x0000000000003134        0x2 .build/obj_kb_default/common/action_layer.o
                0x0000000000003134                default_layer_debug
 .text.default_layer_set
                0x0000000000003136       0x14 .build/obj_kb_default/common/action_layer.o
                0x0000000000003136                default_layer_set
 .text.default_layer_or
                0x000000000000314a       0x38 .build/obj_kb_default/common/action_layer.o
                0x000000000000314a                default_layer_or
 .text.default_layer_and
                0x0000000000003182       0x38 .build/obj_kb_default/common/action_layer.o
                0x0000000000003182                default_layer_and
 .text.default_layer_xor
                0x00000000000031ba       0x38 .build/obj_kb_default/common/action_layer.o
                0x00000000000031ba                default_layer_xor
 .text.layer_clear
                0x00000000000031f2       0x14 .build/obj_kb_default/common/action_layer.o
                0x00000000000031f2                layer_clear
 .text.layer_move
                0x0000000000003206       0x2a .build/obj_kb_default/common/action_layer.o
                0x0000000000003206                layer_move
 .text.layer_on
                0x0000000000003230       0x42 .build/obj_kb_default/common/action_layer.o
                0x0000000000003230                layer_on
 .text.layer_off
                0x0000000000003272       0x4a .build/obj_kb_default/common/action_layer.o
                0x0000000000003272                layer_off
 .text.layer_invert
                0x00000000000032bc       0x42 .build/obj_kb_default/common/action_layer.o
                0x00000000000032bc                layer_invert
 .text.layer_or
                0x00000000000032fe       0x38 .build/obj_kb_default/common/action_layer.o
                0x00000000000032fe                layer_or
 .text.layer_and
                0x0000000000003336       0x38 .build/obj_kb_default/common/action_layer.o
                0x0000000000003336                layer_and
 .text.layer_xor
                0x000000000000336e       0x38 .build/obj_kb_default/common/action_layer.o
                0x000000000000336e                layer_xor
 .text.layer_debug
                0x00000000000033a6        0x2 .build/obj_kb_default/common/action_layer.o
                0x00000000000033a6                layer_debug
 .text.update_source_layers_cache
                0x00000000000033a8       0x58 .build/obj_kb_default/common/action_layer.o
                0x00000000000033a8                update_source_layers_cache
 .text.read_source_layers_cache
                0x0000000000003400       0x50 .build/obj_kb_default/common/action_layer.o
                0x0000000000003400                read_source_layers_cache
 .text.layer_switch_get_layer
                0x0000000000003450       0x84 .build/obj_kb_default/common/action_layer.o
                0x0000000000003450                layer_switch_get_layer
 .text.layer_switch_get_action
                0x00000000000034d4       0x14 .build/obj_kb_default/common/action_layer.o
                0x00000000000034d4                layer_switch_get_action
 .text.store_or_get_action
                0x00000000000034e8       0x48 .build/obj_kb_default/common/action_layer.o
                0x00000000000034e8                store_or_get_action
 .text.get_oneshot_layer
                0x0000000000003530        0xc .build/obj_kb_default/common/action_util.o
                0x0000000000003530                get_oneshot_layer
 .text.get_oneshot_layer_state
                0x000000000000353c        0x8 .build/obj_kb_default/common/action_util.o
                0x000000000000353c                get_oneshot_layer_state
 .text.set_oneshot_layer
                0x0000000000003544       0x12 .build/obj_kb_default/common/action_util.o
                0x0000000000003544                set_oneshot_layer
 .text.clear_oneshot_layer_state
                0x0000000000003556       0x2c .build/obj_kb_default/common/action_util.o
                0x0000000000003556                clear_oneshot_layer_state
 .text.is_oneshot_layer_active
                0x0000000000003582        0xe .build/obj_kb_default/common/action_util.o
                0x0000000000003582                is_oneshot_layer_active
 .text.add_key  0x0000000000003590       0x7a .build/obj_kb_default/common/action_util.o
                0x0000000000003590                add_key
 .text.del_key  0x000000000000360a       0x68 .build/obj_kb_default/common/action_util.o
                0x000000000000360a                del_key
 .text.clear_keys
                0x0000000000003672       0x1c .build/obj_kb_default/common/action_util.o
                0x0000000000003672                clear_keys
 .text.add_mods
                0x000000000000368e        0xc .build/obj_kb_default/common/action_util.o
                0x000000000000368e                add_mods
 .text.del_mods
                0x000000000000369a        0xe .build/obj_kb_default/common/action_util.o
                0x000000000000369a                del_mods
 .text.clear_mods
                0x00000000000036a8        0x6 .build/obj_kb_default/common/action_util.o
                0x00000000000036a8                clear_mods
 .text.add_weak_mods
                0x00000000000036ae        0xc .build/obj_kb_default/common/action_util.o
                0x00000000000036ae                add_weak_mods
 .text.del_weak_mods
                0x00000000000036ba        0xe .build/obj_kb_default/common/action_util.o
                0x00000000000036ba                del_weak_mods
 .text.clear_weak_mods
                0x00000000000036c8        0x6 .build/obj_kb_default/common/action_util.o
                0x00000000000036c8                clear_weak_mods
 .text.add_macro_mods
                0x00000000000036ce        0xc .build/obj_kb_default/common/action_util.o
                0x00000000000036ce                add_macro_mods
 .text.del_macro_mods
                0x00000000000036da        0xe .build/obj_kb_default/common/action_util.o
                0x00000000000036da                del_macro_mods
 .text.clear_macro_mods
                0x00000000000036e8        0x6 .build/obj_kb_default/common/action_util.o
                0x00000000000036e8                clear_macro_mods
 .text.set_oneshot_mods
                0x00000000000036ee        0x6 .build/obj_kb_default/common/action_util.o
                0x00000000000036ee                set_oneshot_mods
 .text.clear_oneshot_mods
                0x00000000000036f4        0x6 .build/obj_kb_default/common/action_util.o
                0x00000000000036f4                clear_oneshot_mods
 .text.has_anykey
                0x00000000000036fa       0x20 .build/obj_kb_default/common/action_util.o
                0x00000000000036fa                has_anykey
 .text.send_keyboard_report
                0x000000000000371a       0x5e .build/obj_kb_default/common/action_util.o
                0x000000000000371a                send_keyboard_report
 .text.eeconfig_init
                0x0000000000003778       0x42 .build/obj_kb_default/common/eeconfig.o
                0x0000000000003778                eeconfig_init
 .text.eeconfig_is_enabled
                0x00000000000037ba       0x16 .build/obj_kb_default/common/eeconfig.o
                0x00000000000037ba                eeconfig_is_enabled
 .text.eeconfig_read_debug
                0x00000000000037d0        0x8 .build/obj_kb_default/common/eeconfig.o
                0x00000000000037d0                eeconfig_read_debug
 .text.eeconfig_update_debug
                0x00000000000037d8        0xa .build/obj_kb_default/common/eeconfig.o
                0x00000000000037d8                eeconfig_update_debug
 .text.eeconfig_read_default_layer
                0x00000000000037e2        0x8 .build/obj_kb_default/common/eeconfig.o
                0x00000000000037e2                eeconfig_read_default_layer
 .text.eeconfig_update_default_layer
                0x00000000000037ea        0xa .build/obj_kb_default/common/eeconfig.o
                0x00000000000037ea                eeconfig_update_default_layer
 .text.eeconfig_read_keymap
                0x00000000000037f4        0x8 .build/obj_kb_default/common/eeconfig.o
                0x00000000000037f4                eeconfig_read_keymap
 .text.eeconfig_update_keymap
                0x00000000000037fc        0xa .build/obj_kb_default/common/eeconfig.o
                0x00000000000037fc                eeconfig_update_keymap
 .text.suspend_power_down
                0x0000000000003806       0x58 .build/obj_kb_default/common/avr/suspend.o
                0x0000000000003806                suspend_power_down
 .text.matrix_power_up
                0x000000000000385e        0x2 .build/obj_kb_default/common/avr/suspend.o
                0x000000000000385e                matrix_power_up
 .text.matrix_power_down
                0x0000000000003860        0x2 .build/obj_kb_default/common/avr/suspend.o
                0x0000000000003860                matrix_power_down
 .text.suspend_wakeup_condition
                0x0000000000003862       0x2a .build/obj_kb_default/common/avr/suspend.o
                0x0000000000003862                suspend_wakeup_condition
 .text.suspend_wakeup_init
                0x000000000000388c        0xc .build/obj_kb_default/common/avr/suspend.o
                0x000000000000388c                suspend_wakeup_init
 .text.__vector_12
                0x0000000000003898       0x4e .build/obj_kb_default/common/avr/suspend.o
                0x0000000000003898                __vector_12
 .text.timer_init
                0x00000000000038e6       0x12 .build/obj_kb_default/common/avr/timer.o
                0x00000000000038e6                timer_init
 .text.timer_read
                0x00000000000038f8       0x18 .build/obj_kb_default/common/avr/timer.o
                0x00000000000038f8                timer_read
 .text.timer_elapsed
                0x0000000000003910       0x54 .build/obj_kb_default/common/avr/timer.o
                0x0000000000003910                timer_elapsed
 .text.__vector_21
                0x0000000000003964       0x46 .build/obj_kb_default/common/avr/timer.o
                0x0000000000003964                __vector_21
 .text.bootloader_jump
                0x00000000000039aa       0x44 .build/obj_kb_default/common/avr/bootloader.o
                0x00000000000039aa                bootloader_jump
 .text.scan_keycode
                0x00000000000039ee       0x7a .build/obj_kb_default/common/bootmagic.o
 .text.bootmagic_scan_keycode
                0x0000000000003a68       0x1c .build/obj_kb_default/common/bootmagic.o
                0x0000000000003a68                bootmagic_scan_keycode
 .text.bootmagic
                0x0000000000003a84      0x212 .build/obj_kb_default/common/bootmagic.o
                0x0000000000003a84                bootmagic
 .text.move_unit
                0x0000000000003c96       0x94 .build/obj_kb_default/common/mousekey.o
 .text.wheel_unit
                0x0000000000003d2a       0x72 .build/obj_kb_default/common/mousekey.o
 .text.mousekey_on
                0x0000000000003d9c       0xd0 .build/obj_kb_default/common/mousekey.o
                0x0000000000003d9c                mousekey_on
 .text.mousekey_off
                0x0000000000003e6c       0xfe .build/obj_kb_default/common/mousekey.o
                0x0000000000003e6c                mousekey_off
 .text.mousekey_send
                0x0000000000003f6a       0x16 .build/obj_kb_default/common/mousekey.o
                0x0000000000003f6a                mousekey_send
 .text.mousekey_task
                0x0000000000003f80      0x142 .build/obj_kb_default/common/mousekey.o
                0x0000000000003f80                mousekey_task
 .text.mousekey_clear
                0x00000000000040c2       0x18 .build/obj_kb_default/common/mousekey.o
                0x00000000000040c2                mousekey_clear
 .text.keyboard_leds
                0x00000000000040da        0x6 .build/obj_kb_default/lufa.o
 .text.send_consumer
                0x00000000000040e0       0x68 .build/obj_kb_default/lufa.o
 .text.send_system
                0x0000000000004148       0x6c .build/obj_kb_default/lufa.o
 .text.send_mouse
                0x00000000000041b4       0x4a .build/obj_kb_default/lufa.o
 .text.send_keyboard
                0x00000000000041fe       0xa0 .build/obj_kb_default/lufa.o
 .text.EVENT_USB_Device_Connect
                0x000000000000429e       0x1c .build/obj_kb_default/lufa.o
                0x000000000000429e                EVENT_USB_Device_Connect
 .text.EVENT_USB_Device_Disconnect
                0x00000000000042ba        0x6 .build/obj_kb_default/lufa.o
                0x00000000000042ba                EVENT_USB_Device_Disconnect
 .text.EVENT_USB_Device_Reset
                0x00000000000042c0        0x2 .build/obj_kb_default/lufa.o
                0x00000000000042c0                EVENT_USB_Device_Reset
 .text.EVENT_USB_Device_Suspend
                0x00000000000042c2        0x2 .build/obj_kb_default/lufa.o
                0x00000000000042c2                EVENT_USB_Device_Suspend
 .text.EVENT_USB_Device_WakeUp
                0x00000000000042c4        0x4 .build/obj_kb_default/lufa.o
                0x00000000000042c4                EVENT_USB_Device_WakeUp
 .text.EVENT_USB_Device_ConfigurationChanged
                0x00000000000042c8       0x28 .build/obj_kb_default/lufa.o
                0x00000000000042c8                EVENT_USB_Device_ConfigurationChanged
 .text.EVENT_USB_Device_ControlRequest
                0x00000000000042f0      0x15a .build/obj_kb_default/lufa.o
                0x00000000000042f0                EVENT_USB_Device_ControlRequest
 .text.startup.main
                0x000000000000444a       0x7a .build/obj_kb_default/lufa.o
                0x000000000000444a                main
 .text.CALLBACK_USB_GetDescriptor
                0x00000000000044c4       0xae .build/obj_kb_default/descriptor.o
                0x00000000000044c4                CALLBACK_USB_GetDescriptor
 .text.USB_Device_SendRemoteWakeup
                0x0000000000004572       0x2c .build/obj_kb_default/protocol/lufa/LUFA-git/LUFA/Drivers/USB/Core/AVR8/Device_AVR8.o
                0x0000000000004572                USB_Device_SendRemoteWakeup
 .text.Endpoint_Write_Stream_LE
                0x000000000000459e       0x9e .build/obj_kb_default/protocol/lufa/LUFA-git/LUFA/Drivers/USB/Core/AVR8/EndpointStream_AVR8.o
                0x000000000000459e                Endpoint_Write_Stream_LE
 .text.Endpoint_Write_Control_Stream_LE
                0x000000000000463c       0xbc .build/obj_kb_default/protocol/lufa/LUFA-git/LUFA/Drivers/USB/Core/AVR8/EndpointStream_AVR8.o
                0x000000000000463c                Endpoint_Write_Control_Stream_LE
 .text.Endpoint_Write_Control_PStream_LE
                0x00000000000046f8       0xbe .build/obj_kb_default/protocol/lufa/LUFA-git/LUFA/Drivers/USB/Core/AVR8/EndpointStream_AVR8.o
                0x00000000000046f8                Endpoint_Write_Control_PStream_LE
 .text.Endpoint_ConfigureEndpoint_Prv
                0x00000000000047b6       0x68 .build/obj_kb_default/protocol/lufa/LUFA-git/LUFA/Drivers/USB/Core/AVR8/Endpoint_AVR8.o
                0x00000000000047b6                Endpoint_ConfigureEndpoint_Prv
 .text.Endpoint_ClearStatusStage
                0x000000000000481e       0x3e .build/obj_kb_default/protocol/lufa/LUFA-git/LUFA/Drivers/USB/Core/AVR8/Endpoint_AVR8.o
                0x000000000000481e                Endpoint_ClearStatusStage
 .text.Endpoint_WaitUntilReady
                0x000000000000485c       0x5e .build/obj_kb_default/protocol/lufa/LUFA-git/LUFA/Drivers/USB/Core/AVR8/Endpoint_AVR8.o
                0x000000000000485c                Endpoint_WaitUntilReady
 .text.USB_Disable
                0x00000000000048ba       0x34 .build/obj_kb_default/protocol/lufa/LUFA-git/LUFA/Drivers/USB/Core/AVR8/USBController_AVR8.o
                0x00000000000048ba                USB_Disable
 .text.USB_ResetInterface
                0x00000000000048ee       0x86 .build/obj_kb_default/protocol/lufa/LUFA-git/LUFA/Drivers/USB/Core/AVR8/USBController_AVR8.o
                0x00000000000048ee                USB_ResetInterface
 .text.USB_Init
                0x0000000000004974       0x22 .build/obj_kb_default/protocol/lufa/LUFA-git/LUFA/Drivers/USB/Core/AVR8/USBController_AVR8.o
                0x0000000000004974                USB_Init
 .text.USB_INT_DisableAllInterrupts
                0x0000000000004996       0x10 .build/obj_kb_default/protocol/lufa/LUFA-git/LUFA/Drivers/USB/Core/AVR8/USBInterrupt_AVR8.o
                0x0000000000004996                USB_INT_DisableAllInterrupts
 .text.USB_INT_ClearAllInterrupts
                0x00000000000049a6        0xa .build/obj_kb_default/protocol/lufa/LUFA-git/LUFA/Drivers/USB/Core/AVR8/USBInterrupt_AVR8.o
                0x00000000000049a6                USB_INT_ClearAllInterrupts
 .text.__vector_10
                0x00000000000049b0      0x1a6 .build/obj_kb_default/protocol/lufa/LUFA-git/LUFA/Drivers/USB/Core/AVR8/USBInterrupt_AVR8.o
                0x00000000000049b0                __vector_10
 .text.__vector_11
                0x0000000000004b56       0x78 .build/obj_kb_default/protocol/lufa/LUFA-git/LUFA/Drivers/USB/Core/AVR8/USBInterrupt_AVR8.o
                0x0000000000004b56                __vector_11
 .text.USB_Device_ProcessControlRequest
                0x0000000000004bce      0x298 .build/obj_kb_default/protocol/lufa/LUFA-git/LUFA/Drivers/USB/Core/DeviceStandardReq.o
                0x0000000000004bce                USB_Device_ProcessControlRequest
 .text.USB_Event_Stub
                0x0000000000004e66        0x2 .build/obj_kb_default/protocol/lufa/LUFA-git/LUFA/Drivers/USB/Core/Events.o
                0x0000000000004e66                USB_Event_Stub
                0x0000000000004e66                EVENT_USB_Device_StartOfFrame
 .text.USB_USBTask
                0x0000000000004e68       0x38 .build/obj_kb_default/protocol/lufa/LUFA-git/LUFA/Drivers/USB/Core/USBTask.o
                0x0000000000004e68                USB_USBTask
 .text.avr-libc.fplib
                0x0000000000004ea0        0xe /usr/lib/gcc/avr/8.2.0/../../../../avr/lib/avr5/libm.a(fixsfsi.o)
                0x0000000000004ea0                __fixsfsi
 .text.avr-libc.fplib
                0x0000000000004eae       0x5e /usr/lib/gcc/avr/8.2.0/../../../../avr/lib/avr5/libm.a(fixunssfsi.o)
                0x0000000000004eae                __fixunssfsi
 .text.avr-libc.fplib
                0x0000000000004f0c       0x7a /usr/lib/gcc/avr/8.2.0/../../../../avr/lib/avr5/libm.a(floatsisf.o)
                0x0000000000004f0c                __floatunsisf
                0x0000000000004f10                __floatsisf
 .text.avr-libc.fplib
                0x0000000000004f86       0x44 /usr/lib/gcc/avr/8.2.0/../../../../avr/lib/avr5/libm.a(fp_split3.o)
                0x0000000000004f86                __fp_split3
                0x0000000000004f96                __fp_splitA
 .text.avr-libc.fplib
                0x0000000000004fca        0xe /usr/lib/gcc/avr/8.2.0/../../../../avr/lib/avr5/libm.a(fp_zero.o)
                0x0000000000004fca                __fp_zero
                0x0000000000004fcc                __fp_szero
 .text.avr-libc.fplib
                0x0000000000004fd8        0x8 /usr/lib/gcc/avr/8.2.0/../../../../avr/lib/avr5/libm.a(mulsf3.o)
                0x0000000000004fd8                __mulsf3
 .text.avr-libc.fplib
                0x0000000000004fe0       0xd2 /usr/lib/gcc/avr/8.2.0/../../../../avr/lib/avr5/libm.a(mulsf3x.o)
                0x0000000000004ffe                __mulsf3x
                0x0000000000005004                __mulsf3_pse
 .text.avr-libc.fplib
                0x00000000000050b2        0xc /usr/lib/gcc/avr/8.2.0/../../../../avr/lib/avr5/libm.a(fp_inf.o)
                0x00000000000050b2                __fp_inf
 .text.avr-libc.fplib
                0x00000000000050be        0x6 /usr/lib/gcc/avr/8.2.0/../../../../avr/lib/avr5/libm.a(fp_nan.o)
                0x00000000000050be                __fp_nan
 .text.avr-libc.fplib
                0x00000000000050c4        0xe /usr/lib/gcc/avr/8.2.0/../../../../avr/lib/avr5/libm.a(fp_pscA.o)
                0x00000000000050c4                __fp_pscA
 .text.avr-libc.fplib
                0x00000000000050d2        0xe /usr/lib/gcc/avr/8.2.0/../../../../avr/lib/avr5/libm.a(fp_pscB.o)
                0x00000000000050d2                __fp_pscB
 .text.avr-libc.fplib
                0x00000000000050e0       0x22 /usr/lib/gcc/avr/8.2.0/../../../../avr/lib/avr5/libm.a(fp_round.o)
                0x00000000000050e0                __fp_round
 .text.libgcc.div
                0x0000000000005102       0x28 /usr/lib/gcc/avr/8.2.0/avr5/libgcc.a(_udivmodhi4.o)
                0x0000000000005102                __udivmodhi4
 .text.libgcc.div
                0x000000000000512a       0x28 /usr/lib/gcc/avr/8.2.0/avr5/libgcc.a(_divmodhi4.o)
                0x000000000000512a                __divmodhi4
                0x000000000000512a                _div
 .text.libgcc   0x0000000000005152        0xc /usr/lib/gcc/avr/8.2.0/avr5/libgcc.a(_tablejump2.o)
                0x0000000000005152                __tablejump2__
 .text.avr-libc
                0x000000000000515e       0x10 /usr/lib/gcc/avr/8.2.0/../../../../avr/lib/avr5/libatmega32u4.a(eerd_byte.o)
                0x000000000000515e                eeprom_read_byte
 .text.avr-libc
                0x000000000000516e        0xc /usr/lib/gcc/avr/8.2.0/../../../../avr/lib/avr5/libatmega32u4.a(eerd_dword.o)
                0x000000000000516e                eeprom_read_dword
                0x000000000000516e                eeprom_read_float
 .text.avr-libc
                0x000000000000517a        0xc /usr/lib/gcc/avr/8.2.0/../../../../avr/lib/avr5/libatmega32u4.a(eerd_word.o)
                0x000000000000517a                eeprom_read_word
 .text.avr-libc
                0x0000000000005186       0x24 /usr/lib/gcc/avr/8.2.0/../../../../avr/lib/avr5/libatmega32u4.a(eeupd_byte.o)
                0x0000000000005186                eeprom_update_byte
                0x0000000000005188                eeprom_update_r18
 .text.avr-libc
                0x00000000000051aa       0x18 /usr/lib/gcc/avr/8.2.0/../../../../avr/lib/avr5/libatmega32u4.a(eeupd_dword.o)
                0x00000000000051aa                eeprom_update_dword
                0x00000000000051aa                eeprom_update_float
 .text.avr-libc
                0x00000000000051c2        0xc /usr/lib/gcc/avr/8.2.0/../../../../avr/lib/avr5/libatmega32u4.a(eeupd_word.o)
                0x00000000000051c2                eeprom_update_word
 .text.avr-libc
                0x00000000000051ce       0x20 /usr/lib/gcc/avr/8.2.0/../../../../avr/lib/avr5/libatmega32u4.a(eerd_block.o)
                0x00000000000051ce                eeprom_read_block
                0x00000000000051d2                eeprom_read_blraw
                0x00000000000051ee                . = ALIGN (0x2)
 *(.fini9)
 .fini9         0x00000000000051ee        0x0 /usr/lib/gcc/avr/8.2.0/avr5/libgcc.a(_exit.o)
                0x00000000000051ee                exit
                0x00000000000051ee                _exit
 *(.fini9)
 *(.fini8)
 *(.fini8)
 *(.fini7)
 *(.fini7)
 *(.fini6)
 *(.fini6)
 *(.fini5)
 *(.fini5)
 *(.fini4)
 *(.fini4)
 *(.fini3)
 *(.fini3)
 *(.fini2)
 *(.fini2)
 *(.fini1)
 *(.fini1)
 *(.fini0)
 .fini0         0x00000000000051ee        0x4 /usr/lib/gcc/avr/8.2.0/avr5/libgcc.a(_exit.o)
 *(.fini0)
 *(.hightext)
 *(.hightext*)
 *(.progmemx.*)
                0x00000000000051f2                . = ALIGN (0x2)
 *(.jumptables)
 *(.jumptables*)
 .jumptables.gcc.process_record_quantum
                0x00000000000051f2       0x24 .build/obj_kb_default/quantum/quantum.o
 .jumptables.gcc.process_action
                0x0000000000005216       0x4a .build/obj_kb_default/common/action.o
 .jumptables.gcc.is_tap_key
                0x0000000000005260       0x1c .build/obj_kb_default/common/action.o
 .jumptables.gcc.USB_Device_ProcessControlRequest
                0x000000000000527c       0x14 .build/obj_kb_default/protocol/lufa/LUFA-git/LUFA/Drivers/USB/Core/DeviceStandardReq.o
                0x0000000000005290                _etext = .

.data           0x0000000000800100       0x38 load address 0x0000000000005290
                0x0000000000800100                PROVIDE (__data_start = .)
 *(.data)
 *(.data*)
 .data.increment.2283
                0x0000000000800100        0x1 .build/obj_kb_default/quantum/rgblight.o
 .data.keyboard_report
                0x0000000000800101        0x2 .build/obj_kb_default/common/action_util.o
                0x0000000000800101                keyboard_report
 .data.mk_wheel_time_to_max
                0x0000000000800103        0x1 .build/obj_kb_default/common/mousekey.o
                0x0000000000800103                mk_wheel_time_to_max
 .data.mk_wheel_max_speed
                0x0000000000800104        0x1 .build/obj_kb_default/common/mousekey.o
                0x0000000000800104                mk_wheel_max_speed
 .data.mk_time_to_max
                0x0000000000800105        0x1 .build/obj_kb_default/common/mousekey.o
                0x0000000000800105                mk_time_to_max
 .data.mk_max_speed
                0x0000000000800106        0x1 .build/obj_kb_default/common/mousekey.o
                0x0000000000800106                mk_max_speed
 .data.mk_interval
                0x0000000000800107        0x1 .build/obj_kb_default/common/mousekey.o
                0x0000000000800107                mk_interval
 .data.mk_delay
                0x0000000000800108        0x1 .build/obj_kb_default/common/mousekey.o
                0x0000000000800108                mk_delay
 .data.lufa_driver
                0x0000000000800109        0xa .build/obj_kb_default/lufa.o
                0x0000000000800109                lufa_driver
 .data.keyboard_protocol
                0x0000000000800113        0x1 .build/obj_kb_default/lufa.o
                0x0000000000800113                keyboard_protocol
 *(.gnu.linkonce.d*)
 *(.rodata)
 *(.rodata*)
 .rodata.col_pins
                0x0000000000800114        0xc .build/obj_kb_default/quantum/matrix.o
 .rodata.row_pins
                0x0000000000800120        0x4 .build/obj_kb_default/quantum/matrix.o
 .rodata.CSWTCH.2
                0x0000000000800124        0x4 .build/obj_kb_default/descriptor.o
 .rodata.CSWTCH.1
                0x0000000000800128        0x8 .build/obj_kb_default/descriptor.o
 .rodata.CSWTCH.0
                0x0000000000800130        0x8 .build/obj_kb_default/descriptor.o
 *(.gnu.linkonce.r*)
                0x0000000000800138                . = ALIGN (0x2)
                0x0000000000800138                _edata = .
                0x0000000000800138                PROVIDE (__data_end = .)

.bss            0x0000000000800138      0x129
                0x0000000000800138                PROVIDE (__bss_start = .)
 *(.bss)
 *(.bss*)
 .bss.scs_timer
                0x0000000000800138        0x2 .build/obj_kb_default/quantum/quantum.o
 .bss.shift_interrupted
                0x000000000080013a        0x2 .build/obj_kb_default/quantum/quantum.o
 .bss.leader_sequence_size
                0x000000000080013c        0x1 .build/obj_kb_default/quantum/process_keycode/process_leader.o
                0x000000000080013c                leader_sequence_size
 .bss.leader_sequence
                0x000000000080013d        0xa .build/obj_kb_default/quantum/process_keycode/process_leader.o
                0x000000000080013d                leader_sequence
 .bss.leader_time
                0x0000000000800147        0x2 .build/obj_kb_default/quantum/process_keycode/process_leader.o
                0x0000000000800147                leader_time
 .bss.leading   0x0000000000800149        0x1 .build/obj_kb_default/quantum/process_keycode/process_leader.o
                0x0000000000800149                leading
 .bss.matrix_debouncing
                0x000000000080014a        0x8 .build/obj_kb_default/quantum/matrix.o
 .bss.matrix    0x0000000000800152        0x8 .build/obj_kb_default/quantum/matrix.o
 .bss.debouncing
                0x000000000080015a        0x1 .build/obj_kb_default/quantum/matrix.o
 .bss.debouncing_time
                0x000000000080015b        0x2 .build/obj_kb_default/quantum/matrix.o
 .bss.current_offset.2299
                0x000000000080015d        0x2 .build/obj_kb_default/quantum/rgblight.o
 .bss.last_timer.2300
                0x000000000080015f        0x2 .build/obj_kb_default/quantum/rgblight.o
 .bss.pos.2276  0x0000000000800161        0x1 .build/obj_kb_default/quantum/rgblight.o
 .bss.last_timer.2277
                0x0000000000800162        0x2 .build/obj_kb_default/quantum/rgblight.o
 .bss.pos.2258  0x0000000000800164        0x1 .build/obj_kb_default/quantum/rgblight.o
 .bss.last_timer.2259
                0x0000000000800165        0x2 .build/obj_kb_default/quantum/rgblight.o
 .bss.current_hue.2245
                0x0000000000800167        0x2 .build/obj_kb_default/quantum/rgblight.o
 .bss.last_timer.2246
                0x0000000000800169        0x2 .build/obj_kb_default/quantum/rgblight.o
 .bss.current_hue.2237
                0x000000000080016b        0x2 .build/obj_kb_default/quantum/rgblight.o
 .bss.last_timer.2238
                0x000000000080016d        0x2 .build/obj_kb_default/quantum/rgblight.o
 .bss.pos.2226  0x000000000080016f        0x1 .build/obj_kb_default/quantum/rgblight.o
 .bss.last_timer.2227
                0x0000000000800170        0x2 .build/obj_kb_default/quantum/rgblight.o
 .bss.rgblight_timer_enabled
                0x0000000000800172        0x1 .build/obj_kb_default/quantum/rgblight.o
                0x0000000000800172                rgblight_timer_enabled
 .bss.rgblight_inited
                0x0000000000800173        0x1 .build/obj_kb_default/quantum/rgblight.o
                0x0000000000800173                rgblight_inited
 .bss.last_consumer_report
                0x0000000000800174        0x2 .build/obj_kb_default/common/host.o
 .bss.last_system_report
                0x0000000000800176        0x2 .build/obj_kb_default/common/host.o
 .bss.driver    0x0000000000800178        0x2 .build/obj_kb_default/common/host.o
 .bss.led_status.5135
                0x000000000080017a        0x1 .build/obj_kb_default/common/keyboard.o
 .bss.matrix_prev.5134
                0x000000000080017b        0x8 .build/obj_kb_default/common/keyboard.o
 .bss.disable_action_cache
                0x0000000000800183        0x1 .build/obj_kb_default/common/action.o
                0x0000000000800183                disable_action_cache
 .bss.waiting_buffer_tail
                0x0000000000800184        0x1 .build/obj_kb_default/common/action_tapping.o
 .bss.waiting_buffer_head
                0x0000000000800185        0x1 .build/obj_kb_default/common/action_tapping.o
 .bss.waiting_buffer
                0x0000000000800186       0x30 .build/obj_kb_default/common/action_tapping.o
 .bss.tapping_key
                0x00000000008001b6        0x6 .build/obj_kb_default/common/action_tapping.o
 .bss.source_layers_cache
                0x00000000008001bc       0x1e .build/obj_kb_default/common/action_layer.o
                0x00000000008001bc                source_layers_cache
 .bss.layer_state
                0x00000000008001da        0x4 .build/obj_kb_default/common/action_layer.o
                0x00000000008001da                layer_state
 .bss.default_layer_state
                0x00000000008001de        0x4 .build/obj_kb_default/common/action_layer.o
                0x00000000008001de                default_layer_state
 .bss.oneshot_layer_data
                0x00000000008001e2        0x1 .build/obj_kb_default/common/action_util.o
 .bss.oneshot_mods
                0x00000000008001e3        0x1 .build/obj_kb_default/common/action_util.o
 .bss.__compound_literal.0
                0x00000000008001e4       0x20 .build/obj_kb_default/common/action_util.o
 .bss.macro_mods
                0x0000000000800204        0x1 .build/obj_kb_default/common/action_util.o
 .bss.weak_mods
                0x0000000000800205        0x1 .build/obj_kb_default/common/action_util.o
 .bss.real_mods
                0x0000000000800206        0x1 .build/obj_kb_default/common/action_util.o
 .bss.debug_config
                0x0000000000800207        0x1 .build/obj_kb_default/common/debug.o
                0x0000000000800207                debug_config
 .bss.wdt_timeout
                0x0000000000800208        0x1 .build/obj_kb_default/common/avr/suspend.o
 .bss.last_timer
                0x0000000000800209        0x2 .build/obj_kb_default/common/mousekey.o
 .bss.mousekey_accel
                0x000000000080020b        0x1 .build/obj_kb_default/common/mousekey.o
 .bss.mousekey_repeat
                0x000000000080020c        0x1 .build/obj_kb_default/common/mousekey.o
 .bss.mouse_report
                0x000000000080020d        0x5 .build/obj_kb_default/common/mousekey.o
 .bss.keyboard_report_sent
                0x0000000000800212       0x20 .build/obj_kb_default/lufa.o
 .bss.keyboard_led_stats
                0x0000000000800232        0x1 .build/obj_kb_default/lufa.o
 .bss.keyboard_idle
                0x0000000000800233        0x1 .build/obj_kb_default/lufa.o
                0x0000000000800233                keyboard_idle
 *(COMMON)
 COMMON         0x0000000000800234       0x1a .build/obj_kb_default/quantum/rgblight.o
                0x0000000000800234                rgblight_config
                0x0000000000800238                inmem_config
                0x000000000080023c                led
 COMMON         0x000000000080024e        0x4 .build/obj_kb_default/common/avr/timer.o
                0x000000000080024e                timer_count
 COMMON         0x0000000000800252        0x2 .build/obj_kb_default/common/bootmagic.o
                0x0000000000800252                keymap_config
 COMMON         0x0000000000800254        0x3 .build/obj_kb_default/protocol/lufa/LUFA-git/LUFA/Drivers/USB/Core/DeviceStandardReq.o
                0x0000000000800254                USB_Device_ConfigurationNumber
                0x0000000000800255                USB_Device_CurrentlySelfPowered
                0x0000000000800256                USB_Device_RemoteWakeupEnabled
 COMMON         0x0000000000800257        0xa .build/obj_kb_default/protocol/lufa/LUFA-git/LUFA/Drivers/USB/Core/USBTask.o
                0x0000000000800257                USB_IsInitialized
                0x0000000000800258                USB_DeviceState
                0x0000000000800259                USB_ControlRequest
                0x0000000000800261                PROVIDE (__bss_end = .)
                0x0000000000005290                __data_load_start = LOADADDR (.data)
                0x00000000000052c8                __data_load_end = (__data_load_start + SIZEOF (.data))

.noinit         0x0000000000800261        0x4
                [!provide]                        PROVIDE (__noinit_start = .)
 *(.noinit*)
 .noinit        0x0000000000800261        0x4 .build/obj_kb_default/common/avr/bootloader.o
                0x0000000000800261                reset_key
                [!provide]                        PROVIDE (__noinit_end = .)
                0x0000000000800265                _end = .
                [!provide]                        PROVIDE (__heap_start = .)

.eeprom         0x0000000000810000        0x0
 *(.eeprom*)
                0x0000000000810000                __eeprom_end = .

.fuse
 *(.fuse)
 *(.lfuse)
 *(.hfuse)
 *(.efuse)

.lock
 *(.lock*)

.signature
 *(.signature*)

.stab
 *(.stab)

.stabstr        0x0000000000000000       0x6f
 *(.stabstr)
 .stabstr       0x0000000000000000       0x6f .build/obj_kb_default/common/avr/xprintf.o

.stab.excl
 *(.stab.excl)

.stab.exclstr
 *(.stab.exclstr)

.stab.index
 *(.stab.index)

.stab.indexstr
 *(.stab.indexstr)

.comment        0x0000000000000000       0x11
 *(.comment)
 .comment       0x0000000000000000       0x11 .build/obj_kb_default/keyboards/kb/keymaps/default/keymap.o
                                         0x12 (size before relaxing)
 .comment       0x0000000000000011       0x12 .build/obj_kb_default/quantum/quantum.o
 .comment       0x0000000000000011       0x12 .build/obj_kb_default/quantum/keymap_common.o
 .comment       0x0000000000000011       0x12 .build/obj_kb_default/quantum/keycode_config.o
 .comment       0x0000000000000011       0x12 .build/obj_kb_default/quantum/process_keycode/process_leader.o
 .comment       0x0000000000000011       0x12 .build/obj_kb_default/quantum/matrix.o
 .comment       0x0000000000000011       0x12 .build/obj_kb_default/quantum/light_ws2812.o
 .comment       0x0000000000000011       0x12 .build/obj_kb_default/quantum/rgblight.o
 .comment       0x0000000000000011       0x12 .build/obj_kb_default/common/host.o
 .comment       0x0000000000000011       0x12 .build/obj_kb_default/common/keyboard.o
 .comment       0x0000000000000011       0x12 .build/obj_kb_default/common/action.o
 .comment       0x0000000000000011       0x12 .build/obj_kb_default/common/action_tapping.o
 .comment       0x0000000000000011       0x12 .build/obj_kb_default/common/action_macro.o
 .comment       0x0000000000000011       0x12 .build/obj_kb_default/common/action_layer.o
 .comment       0x0000000000000011       0x12 .build/obj_kb_default/common/action_util.o
 .comment       0x0000000000000011       0x12 .build/obj_kb_default/common/debug.o
 .comment       0x0000000000000011       0x12 .build/obj_kb_default/common/eeconfig.o
 .comment       0x0000000000000011       0x12 .build/obj_kb_default/common/avr/suspend.o
 .comment       0x0000000000000011       0x12 .build/obj_kb_default/common/avr/timer.o
 .comment       0x0000000000000011       0x12 .build/obj_kb_default/common/avr/bootloader.o
 .comment       0x0000000000000011       0x12 .build/obj_kb_default/common/bootmagic.o
 .comment       0x0000000000000011       0x12 .build/obj_kb_default/common/mousekey.o
 .comment       0x0000000000000011       0x12 .build/obj_kb_default/lufa.o
 .comment       0x0000000000000011       0x12 .build/obj_kb_default/descriptor.o
 .comment       0x0000000000000011       0x12 .build/obj_kb_default/protocol/lufa/LUFA-git/LUFA/Drivers/USB/Core/AVR8/Device_AVR8.o
 .comment       0x0000000000000011       0x12 .build/obj_kb_default/protocol/lufa/LUFA-git/LUFA/Drivers/USB/Core/AVR8/EndpointStream_AVR8.o
 .comment       0x0000000000000011       0x12 .build/obj_kb_default/protocol/lufa/LUFA-git/LUFA/Drivers/USB/Core/AVR8/Endpoint_AVR8.o
 .comment       0x0000000000000011       0x12 .build/obj_kb_default/protocol/lufa/LUFA-git/LUFA/Drivers/USB/Core/AVR8/USBController_AVR8.o
 .comment       0x0000000000000011       0x12 .build/obj_kb_default/protocol/lufa/LUFA-git/LUFA/Drivers/USB/Core/AVR8/USBInterrupt_AVR8.o
 .comment       0x0000000000000011       0x12 .build/obj_kb_default/protocol/lufa/LUFA-git/LUFA/Drivers/USB/Core/DeviceStandardReq.o
 .comment       0x0000000000000011       0x12 .build/obj_kb_default/protocol/lufa/LUFA-git/LUFA/Drivers/USB/Core/Events.o
 .comment       0x0000000000000011       0x12 .build/obj_kb_default/protocol/lufa/LUFA-git/LUFA/Drivers/USB/Core/USBTask.o

.note.gnu.avr.deviceinfo
                0x0000000000000000       0x40
 .note.gnu.avr.deviceinfo
                0x0000000000000000       0x40 /usr/lib/gcc/avr/8.2.0/../../../../avr/lib/avr5/crtatmega32u4.o

.note.gnu.build-id
 *(.note.gnu.build-id)

.debug
 *(.debug)

.line
 *(.line)

.debug_srcinfo
 *(.debug_srcinfo)

.debug_sfnames
 *(.debug_sfnames)

.debug_aranges  0x0000000000000000      0xb28
 *(.debug_aranges)
 .debug_aranges
                0x0000000000000000       0x38 .build/obj_kb_default/keyboards/kb/keymaps/default/keymap.o
 .debug_aranges
                0x0000000000000038       0xc8 .build/obj_kb_default/quantum/quantum.o
 .debug_aranges
                0x0000000000000100       0x40 .build/obj_kb_default/quantum/keymap_common.o
 .debug_aranges
                0x0000000000000140       0x20 .build/obj_kb_default/quantum/keycode_config.o
 .debug_aranges
                0x0000000000000160       0x28 .build/obj_kb_default/quantum/process_keycode/process_leader.o
 .debug_aranges
                0x0000000000000188       0x88 .build/obj_kb_default/quantum/matrix.o
 .debug_aranges
                0x0000000000000210       0x40 .build/obj_kb_default/quantum/light_ws2812.o
 .debug_aranges
                0x0000000000000250      0x128 .build/obj_kb_default/quantum/rgblight.o
 .debug_aranges
                0x0000000000000378       0x60 .build/obj_kb_default/common/host.o
 .debug_aranges
                0x00000000000003d8       0x40 .build/obj_kb_default/common/keyboard.o
 .debug_aranges
                0x0000000000000418       0x90 .build/obj_kb_default/common/action.o
 .debug_aranges
                0x00000000000004a8       0x40 .build/obj_kb_default/common/action_tapping.o
 .debug_aranges
                0x00000000000004e8       0x20 .build/obj_kb_default/common/action_macro.o
 .debug_aranges
                0x0000000000000508       0xa8 .build/obj_kb_default/common/action_layer.o
 .debug_aranges
                0x00000000000005b0      0x128 .build/obj_kb_default/common/action_util.o
 .debug_aranges
                0x00000000000006d8       0x18 .build/obj_kb_default/common/debug.o
 .debug_aranges
                0x00000000000006f0       0x68 .build/obj_kb_default/common/eeconfig.o
 .debug_aranges
                0x0000000000000758       0x48 .build/obj_kb_default/common/avr/suspend.o
 .debug_aranges
                0x00000000000007a0       0x50 .build/obj_kb_default/common/avr/timer.o
 .debug_aranges
                0x00000000000007f0       0x28 .build/obj_kb_default/common/avr/bootloader.o
 .debug_aranges
                0x0000000000000818       0x30 .build/obj_kb_default/common/bootmagic.o
 .debug_aranges
                0x0000000000000848       0x50 .build/obj_kb_default/common/mousekey.o
 .debug_aranges
                0x0000000000000898       0x80 .build/obj_kb_default/lufa.o
 .debug_aranges
                0x0000000000000918       0x20 .build/obj_kb_default/descriptor.o
 .debug_aranges
                0x0000000000000938       0x20 .build/obj_kb_default/protocol/lufa/LUFA-git/LUFA/Drivers/USB/Core/AVR8/Device_AVR8.o
 .debug_aranges
                0x0000000000000958       0xc8 .build/obj_kb_default/protocol/lufa/LUFA-git/LUFA/Drivers/USB/Core/AVR8/EndpointStream_AVR8.o
 .debug_aranges
                0x0000000000000a20       0x40 .build/obj_kb_default/protocol/lufa/LUFA-git/LUFA/Drivers/USB/Core/AVR8/Endpoint_AVR8.o
 .debug_aranges
                0x0000000000000a60       0x30 .build/obj_kb_default/protocol/lufa/LUFA-git/LUFA/Drivers/USB/Core/AVR8/USBController_AVR8.o
 .debug_aranges
                0x0000000000000a90       0x38 .build/obj_kb_default/protocol/lufa/LUFA-git/LUFA/Drivers/USB/Core/AVR8/USBInterrupt_AVR8.o
 .debug_aranges
                0x0000000000000ac8       0x20 .build/obj_kb_default/protocol/lufa/LUFA-git/LUFA/Drivers/USB/Core/DeviceStandardReq.o
 .debug_aranges
                0x0000000000000ae8       0x20 .build/obj_kb_default/protocol/lufa/LUFA-git/LUFA/Drivers/USB/Core/Events.o
 .debug_aranges
                0x0000000000000b08       0x20 .build/obj_kb_default/protocol/lufa/LUFA-git/LUFA/Drivers/USB/Core/USBTask.o

.debug_pubnames
 *(.debug_pubnames)

.debug_info     0x0000000000000000    0x16fea
 *(.debug_info .gnu.linkonce.wi.*)
 .debug_info    0x0000000000000000      0x9f4 /usr/lib/gcc/avr/8.2.0/../../../../avr/lib/avr5/crtatmega32u4.o
 .debug_info    0x00000000000009f4     0x117d .build/obj_kb_default/keyboards/kb/keymaps/default/keymap.o
 .debug_info    0x0000000000001b71     0x1bcf .build/obj_kb_default/quantum/quantum.o
 .debug_info    0x0000000000003740     0x16d5 .build/obj_kb_default/quantum/keymap_common.o
 .debug_info    0x0000000000004e15      0x595 .build/obj_kb_default/quantum/keycode_config.o
 .debug_info    0x00000000000053aa      0xb22 .build/obj_kb_default/quantum/process_keycode/process_leader.o
 .debug_info    0x0000000000005ecc      0x827 .build/obj_kb_default/quantum/matrix.o
 .debug_info    0x00000000000066f3      0x4bb .build/obj_kb_default/quantum/light_ws2812.o
 .debug_info    0x0000000000006bae     0x13dc .build/obj_kb_default/quantum/rgblight.o
 .debug_info    0x0000000000007f8a      0x6b0 .build/obj_kb_default/common/host.o
 .debug_info    0x000000000000863a      0x8f3 .build/obj_kb_default/common/keyboard.o
 .debug_info    0x0000000000008f2d     0x1c4d .build/obj_kb_default/common/action.o
 .debug_info    0x000000000000ab7a      0xf64 .build/obj_kb_default/common/action_tapping.o
 .debug_info    0x000000000000bade      0xb2d .build/obj_kb_default/common/action_macro.o
 .debug_info    0x000000000000c60b      0xc26 .build/obj_kb_default/common/action_layer.o
 .debug_info    0x000000000000d231      0xd02 .build/obj_kb_default/common/action_util.o
 .debug_info    0x000000000000df33      0x110 .build/obj_kb_default/common/debug.o
 .debug_info    0x000000000000e043      0x3b3 .build/obj_kb_default/common/eeconfig.o
 .debug_info    0x000000000000e3f6      0x6bc .build/obj_kb_default/common/avr/suspend.o
 .debug_info    0x000000000000eab2      0x42c .build/obj_kb_default/common/avr/timer.o
 .debug_info    0x000000000000eede      0x3e4 .build/obj_kb_default/common/avr/bootloader.o
 .debug_info    0x000000000000f2c2      0xd76 .build/obj_kb_default/common/bootmagic.o
 .debug_info    0x0000000000010038      0x836 .build/obj_kb_default/common/mousekey.o
 .debug_info    0x000000000001086e     0x16f9 .build/obj_kb_default/lufa.o
 .debug_info    0x0000000000011f67      0x9e7 .build/obj_kb_default/descriptor.o
 .debug_info    0x000000000001294e      0x1c0 .build/obj_kb_default/protocol/lufa/LUFA-git/LUFA/Drivers/USB/Core/AVR8/Device_AVR8.o
 .debug_info    0x0000000000012b0e     0x1da4 .build/obj_kb_default/protocol/lufa/LUFA-git/LUFA/Drivers/USB/Core/AVR8/EndpointStream_AVR8.o
 .debug_info    0x00000000000148b2      0x75d .build/obj_kb_default/protocol/lufa/LUFA-git/LUFA/Drivers/USB/Core/AVR8/Endpoint_AVR8.o
 .debug_info    0x000000000001500f      0x606 .build/obj_kb_default/protocol/lufa/LUFA-git/LUFA/Drivers/USB/Core/AVR8/USBController_AVR8.o
 .debug_info    0x0000000000015615      0xa3b .build/obj_kb_default/protocol/lufa/LUFA-git/LUFA/Drivers/USB/Core/AVR8/USBInterrupt_AVR8.o
 .debug_info    0x0000000000016050      0xc36 .build/obj_kb_default/protocol/lufa/LUFA-git/LUFA/Drivers/USB/Core/DeviceStandardReq.o
 .debug_info    0x0000000000016c86       0x79 .build/obj_kb_default/protocol/lufa/LUFA-git/LUFA/Drivers/USB/Core/Events.o
 .debug_info    0x0000000000016cff      0x2eb .build/obj_kb_default/protocol/lufa/LUFA-git/LUFA/Drivers/USB/Core/USBTask.o

.debug_abbrev   0x0000000000000000     0x599b
 *(.debug_abbrev)
 .debug_abbrev  0x0000000000000000      0x96a /usr/lib/gcc/avr/8.2.0/../../../../avr/lib/avr5/crtatmega32u4.o
 .debug_abbrev  0x000000000000096a      0x287 .build/obj_kb_default/keyboards/kb/keymaps/default/keymap.o
 .debug_abbrev  0x0000000000000bf1      0x4cf .build/obj_kb_default/quantum/quantum.o
 .debug_abbrev  0x00000000000010c0      0x2b9 .build/obj_kb_default/quantum/keymap_common.o
 .debug_abbrev  0x0000000000001379       0xe7 .build/obj_kb_default/quantum/keycode_config.o
 .debug_abbrev  0x0000000000001460      0x220 .build/obj_kb_default/quantum/process_keycode/process_leader.o
 .debug_abbrev  0x0000000000001680      0x3c0 .build/obj_kb_default/quantum/matrix.o
 .debug_abbrev  0x0000000000001a40      0x1c0 .build/obj_kb_default/quantum/light_ws2812.o
 .debug_abbrev  0x0000000000001c00      0x441 .build/obj_kb_default/quantum/rgblight.o
 .debug_abbrev  0x0000000000002041      0x231 .build/obj_kb_default/common/host.o
 .debug_abbrev  0x0000000000002272      0x2c6 .build/obj_kb_default/common/keyboard.o
 .debug_abbrev  0x0000000000002538      0x3aa .build/obj_kb_default/common/action.o
 .debug_abbrev  0x00000000000028e2      0x341 .build/obj_kb_default/common/action_tapping.o
 .debug_abbrev  0x0000000000002c23      0x284 .build/obj_kb_default/common/action_macro.o
 .debug_abbrev  0x0000000000002ea7      0x2de .build/obj_kb_default/common/action_layer.o
 .debug_abbrev  0x0000000000003185      0x3be .build/obj_kb_default/common/action_util.o
 .debug_abbrev  0x0000000000003543       0xa2 .build/obj_kb_default/common/debug.o
 .debug_abbrev  0x00000000000035e5       0xcf .build/obj_kb_default/common/eeconfig.o
 .debug_abbrev  0x00000000000036b4      0x306 .build/obj_kb_default/common/avr/suspend.o
 .debug_abbrev  0x00000000000039ba      0x1c3 .build/obj_kb_default/common/avr/timer.o
 .debug_abbrev  0x0000000000003b7d      0x248 .build/obj_kb_default/common/avr/bootloader.o
 .debug_abbrev  0x0000000000003dc5      0x2f3 .build/obj_kb_default/common/bootmagic.o
 .debug_abbrev  0x00000000000040b8      0x261 .build/obj_kb_default/common/mousekey.o
 .debug_abbrev  0x0000000000004319      0x4e4 .build/obj_kb_default/lufa.o
 .debug_abbrev  0x00000000000047fd      0x207 .build/obj_kb_default/descriptor.o
 .debug_abbrev  0x0000000000004a04       0xcb .build/obj_kb_default/protocol/lufa/LUFA-git/LUFA/Drivers/USB/Core/AVR8/Device_AVR8.o
 .debug_abbrev  0x0000000000004acf      0x23b .build/obj_kb_default/protocol/lufa/LUFA-git/LUFA/Drivers/USB/Core/AVR8/EndpointStream_AVR8.o
 .debug_abbrev  0x0000000000004d0a      0x29d .build/obj_kb_default/protocol/lufa/LUFA-git/LUFA/Drivers/USB/Core/AVR8/Endpoint_AVR8.o
 .debug_abbrev  0x0000000000004fa7      0x1f5 .build/obj_kb_default/protocol/lufa/LUFA-git/LUFA/Drivers/USB/Core/AVR8/USBController_AVR8.o
 .debug_abbrev  0x000000000000519c      0x291 .build/obj_kb_default/protocol/lufa/LUFA-git/LUFA/Drivers/USB/Core/AVR8/USBInterrupt_AVR8.o
 .debug_abbrev  0x000000000000542d      0x34f .build/obj_kb_default/protocol/lufa/LUFA-git/LUFA/Drivers/USB/Core/DeviceStandardReq.o
 .debug_abbrev  0x000000000000577c       0x46 .build/obj_kb_default/protocol/lufa/LUFA-git/LUFA/Drivers/USB/Core/Events.o
 .debug_abbrev  0x00000000000057c2      0x1d9 .build/obj_kb_default/protocol/lufa/LUFA-git/LUFA/Drivers/USB/Core/USBTask.o

.debug_line     0x0000000000000000    0x12c00
 *(.debug_line .debug_line.* .debug_line_end)
 .debug_line    0x0000000000000000       0x1d /usr/lib/gcc/avr/8.2.0/../../../../avr/lib/avr5/crtatmega32u4.o
 .debug_line    0x000000000000001d      0x353 .build/obj_kb_default/keyboards/kb/keymaps/default/keymap.o
 .debug_line    0x0000000000000370      0xfbe .build/obj_kb_default/quantum/quantum.o
 .debug_line    0x000000000000132e      0x7bd .build/obj_kb_default/quantum/keymap_common.o
 .debug_line    0x0000000000001aeb      0x276 .build/obj_kb_default/quantum/keycode_config.o
 .debug_line    0x0000000000001d61      0x3ea .build/obj_kb_default/quantum/process_keycode/process_leader.o
 .debug_line    0x000000000000214b      0x7e1 .build/obj_kb_default/quantum/matrix.o
 .debug_line    0x000000000000292c      0x2a1 .build/obj_kb_default/quantum/light_ws2812.o
 .debug_line    0x0000000000002bcd     0x1a38 .build/obj_kb_default/quantum/rgblight.o
 .debug_line    0x0000000000004605      0x391 .build/obj_kb_default/common/host.o
 .debug_line    0x0000000000004996      0x500 .build/obj_kb_default/common/keyboard.o
 .debug_line    0x0000000000004e96     0x1362 .build/obj_kb_default/common/action.o
 .debug_line    0x00000000000061f8      0xc9f .build/obj_kb_default/common/action_tapping.o
 .debug_line    0x0000000000006e97      0x4c1 .build/obj_kb_default/common/action_macro.o
 .debug_line    0x0000000000007358      0xa63 .build/obj_kb_default/common/action_layer.o
 .debug_line    0x0000000000007dbb      0xb9b .build/obj_kb_default/common/action_util.o
 .debug_line    0x0000000000008956       0x62 .build/obj_kb_default/common/debug.o
 .debug_line    0x00000000000089b8      0x1f6 .build/obj_kb_default/common/eeconfig.o
 .debug_line    0x0000000000008bae      0x433 .build/obj_kb_default/common/avr/suspend.o
 .debug_line    0x0000000000008fe1      0x489 .build/obj_kb_default/common/avr/timer.o
 .debug_line    0x000000000000946a      0x321 .build/obj_kb_default/common/avr/bootloader.o
 .debug_line    0x000000000000978b      0x92b .build/obj_kb_default/common/bootmagic.o
 .debug_line    0x000000000000a0b6      0xed0 .build/obj_kb_default/common/mousekey.o
 .debug_line    0x000000000000af86     0x1368 .build/obj_kb_default/lufa.o
 .debug_line    0x000000000000c2ee      0x369 .build/obj_kb_default/descriptor.o
 .debug_line    0x000000000000c657      0x270 .build/obj_kb_default/protocol/lufa/LUFA-git/LUFA/Drivers/USB/Core/AVR8/Device_AVR8.o
 .debug_line    0x000000000000c8c7     0x33ec .build/obj_kb_default/protocol/lufa/LUFA-git/LUFA/Drivers/USB/Core/AVR8/EndpointStream_AVR8.o
 .debug_line    0x000000000000fcb3      0xa21 .build/obj_kb_default/protocol/lufa/LUFA-git/LUFA/Drivers/USB/Core/AVR8/Endpoint_AVR8.o
 .debug_line    0x00000000000106d4      0x6f3 .build/obj_kb_default/protocol/lufa/LUFA-git/LUFA/Drivers/USB/Core/AVR8/USBController_AVR8.o
 .debug_line    0x0000000000010dc7      0xda1 .build/obj_kb_default/protocol/lufa/LUFA-git/LUFA/Drivers/USB/Core/AVR8/USBInterrupt_AVR8.o
 .debug_line    0x0000000000011b68      0xd7a .build/obj_kb_default/protocol/lufa/LUFA-git/LUFA/Drivers/USB/Core/DeviceStandardReq.o
 .debug_line    0x00000000000128e2       0x79 .build/obj_kb_default/protocol/lufa/LUFA-git/LUFA/Drivers/USB/Core/Events.o
 .debug_line    0x000000000001295b      0x2a5 .build/obj_kb_default/protocol/lufa/LUFA-git/LUFA/Drivers/USB/Core/USBTask.o

.debug_frame    0x0000000000000000     0x1d60
 *(.debug_frame)
 .debug_frame   0x0000000000000000       0x64 .build/obj_kb_default/keyboards/kb/keymaps/default/keymap.o
 .debug_frame   0x0000000000000064      0x28c .build/obj_kb_default/quantum/quantum.o
 .debug_frame   0x00000000000002f0       0x64 .build/obj_kb_default/quantum/keymap_common.o
 .debug_frame   0x0000000000000354       0x24 .build/obj_kb_default/quantum/keycode_config.o
 .debug_frame   0x0000000000000378       0x58 .build/obj_kb_default/quantum/process_keycode/process_leader.o
 .debug_frame   0x00000000000003d0      0x180 .build/obj_kb_default/quantum/matrix.o
 .debug_frame   0x0000000000000550       0x64 .build/obj_kb_default/quantum/light_ws2812.o
 .debug_frame   0x00000000000005b4      0x3a8 .build/obj_kb_default/quantum/rgblight.o
 .debug_frame   0x000000000000095c       0xa4 .build/obj_kb_default/common/host.o
 .debug_frame   0x0000000000000a00       0xc4 .build/obj_kb_default/common/keyboard.o
 .debug_frame   0x0000000000000ac4      0x19c .build/obj_kb_default/common/action.o
 .debug_frame   0x0000000000000c60       0xe0 .build/obj_kb_default/common/action_tapping.o
 .debug_frame   0x0000000000000d40       0x48 .build/obj_kb_default/common/action_macro.o
 .debug_frame   0x0000000000000d88      0x1e4 .build/obj_kb_default/common/action_layer.o
 .debug_frame   0x0000000000000f6c      0x240 .build/obj_kb_default/common/action_util.o
 .debug_frame   0x00000000000011ac       0xb4 .build/obj_kb_default/common/eeconfig.o
 .debug_frame   0x0000000000001260       0xa0 .build/obj_kb_default/common/avr/suspend.o
 .debug_frame   0x0000000000001300       0xbc .build/obj_kb_default/common/avr/timer.o
 .debug_frame   0x00000000000013bc       0x34 .build/obj_kb_default/common/avr/bootloader.o
 .debug_frame   0x00000000000013f0       0x8c .build/obj_kb_default/common/bootmagic.o
 .debug_frame   0x000000000000147c       0x98 .build/obj_kb_default/common/mousekey.o
 .debug_frame   0x0000000000001514      0x128 .build/obj_kb_default/lufa.o
 .debug_frame   0x000000000000163c       0x24 .build/obj_kb_default/descriptor.o
 .debug_frame   0x0000000000001660       0x24 .build/obj_kb_default/protocol/lufa/LUFA-git/LUFA/Drivers/USB/Core/AVR8/Device_AVR8.o
 .debug_frame   0x0000000000001684      0x474 .build/obj_kb_default/protocol/lufa/LUFA-git/LUFA/Drivers/USB/Core/AVR8/EndpointStream_AVR8.o
 .debug_frame   0x0000000000001af8       0x7c .build/obj_kb_default/protocol/lufa/LUFA-git/LUFA/Drivers/USB/Core/AVR8/Endpoint_AVR8.o
 .debug_frame   0x0000000000001b74       0x5c .build/obj_kb_default/protocol/lufa/LUFA-git/LUFA/Drivers/USB/Core/AVR8/USBController_AVR8.o
 .debug_frame   0x0000000000001bd0      0x104 .build/obj_kb_default/protocol/lufa/LUFA-git/LUFA/Drivers/USB/Core/AVR8/USBInterrupt_AVR8.o
 .debug_frame   0x0000000000001cd4       0x3c .build/obj_kb_default/protocol/lufa/LUFA-git/LUFA/Drivers/USB/Core/DeviceStandardReq.o
 .debug_frame   0x0000000000001d10       0x24 .build/obj_kb_default/protocol/lufa/LUFA-git/LUFA/Drivers/USB/Core/Events.o
 .debug_frame   0x0000000000001d34       0x2c .build/obj_kb_default/protocol/lufa/LUFA-git/LUFA/Drivers/USB/Core/USBTask.o

.debug_str      0x0000000000000000     0x4c03
 *(.debug_str)
 .debug_str     0x0000000000000000      0x371 /usr/lib/gcc/avr/8.2.0/../../../../avr/lib/avr5/crtatmega32u4.o
 .debug_str     0x0000000000000371     0x1345 .build/obj_kb_default/keyboards/kb/keymaps/default/keymap.o
                                       0x13f2 (size before relaxing)
 .debug_str     0x00000000000016b6      0x420 .build/obj_kb_default/quantum/quantum.o
                                       0x1495 (size before relaxing)
 .debug_str     0x0000000000001ad6      0x2fb .build/obj_kb_default/quantum/keymap_common.o
                                       0x16c5 (size before relaxing)
 .debug_str     0x0000000000001dd1       0x19 .build/obj_kb_default/quantum/keycode_config.o
                                        0x804 (size before relaxing)
 .debug_str     0x0000000000001dea       0x7a .build/obj_kb_default/quantum/process_keycode/process_leader.o
                                        0xadb (size before relaxing)
 .debug_str     0x0000000000001e64      0x175 .build/obj_kb_default/quantum/matrix.o
                                        0x422 (size before relaxing)
 .debug_str     0x0000000000001fd9       0xac .build/obj_kb_default/quantum/light_ws2812.o
                                        0x2ce (size before relaxing)
 .debug_str     0x0000000000002085      0x329 .build/obj_kb_default/quantum/rgblight.o
                                        0x701 (size before relaxing)
 .debug_str     0x00000000000023ae      0x11d .build/obj_kb_default/common/host.o
                                        0x491 (size before relaxing)
 .debug_str     0x00000000000024cb      0x14a .build/obj_kb_default/common/keyboard.o
                                        0x687 (size before relaxing)
 .debug_str     0x0000000000002615      0x38a .build/obj_kb_default/common/action.o
                                       0x14d4 (size before relaxing)
 .debug_str     0x000000000000299f       0xe8 .build/obj_kb_default/common/action_tapping.o
                                        0xb8e (size before relaxing)
 .debug_str     0x0000000000002a87       0x47 .build/obj_kb_default/common/action_macro.o
                                        0xa19 (size before relaxing)
 .debug_str     0x0000000000002ace       0x80 .build/obj_kb_default/common/action_layer.o
                                        0x510 (size before relaxing)
 .debug_str     0x0000000000002b4e      0x184 .build/obj_kb_default/common/action_util.o
                                        0x792 (size before relaxing)
 .debug_str     0x0000000000002cd2       0x1a .build/obj_kb_default/common/debug.o
                                        0x1d9 (size before relaxing)
 .debug_str     0x0000000000002cec       0xea .build/obj_kb_default/common/eeconfig.o
                                        0x2db (size before relaxing)
 .debug_str     0x0000000000002dd6      0x169 .build/obj_kb_default/common/avr/suspend.o
                                        0x545 (size before relaxing)
 .debug_str     0x0000000000002f3f       0x81 .build/obj_kb_default/common/avr/timer.o
                                        0x23a (size before relaxing)
 .debug_str     0x0000000000002fc0       0x69 .build/obj_kb_default/common/avr/bootloader.o
                                        0x380 (size before relaxing)
 .debug_str     0x0000000000003029       0x35 .build/obj_kb_default/common/bootmagic.o
                                        0xb79 (size before relaxing)
 .debug_str     0x000000000000305e       0x6d .build/obj_kb_default/common/mousekey.o
                                        0x7c2 (size before relaxing)
 .debug_str     0x00000000000030cb      0x444 .build/obj_kb_default/lufa.o
                                        0xb86 (size before relaxing)
 .debug_str     0x000000000000350f      0x76e .build/obj_kb_default/descriptor.o
                                        0xa68 (size before relaxing)
 .debug_str     0x0000000000003c7d       0x77 .build/obj_kb_default/protocol/lufa/LUFA-git/LUFA/Drivers/USB/Core/AVR8/Device_AVR8.o
                                        0x2ee (size before relaxing)
 .debug_str     0x0000000000003cf4      0x4d5 .build/obj_kb_default/protocol/lufa/LUFA-git/LUFA/Drivers/USB/Core/AVR8/EndpointStream_AVR8.o
                                        0x8e2 (size before relaxing)
 .debug_str     0x00000000000041c9      0x26d .build/obj_kb_default/protocol/lufa/LUFA-git/LUFA/Drivers/USB/Core/AVR8/Endpoint_AVR8.o
                                        0x6a2 (size before relaxing)
 .debug_str     0x0000000000004436      0x19a .build/obj_kb_default/protocol/lufa/LUFA-git/LUFA/Drivers/USB/Core/AVR8/USBController_AVR8.o
                                        0x5c6 (size before relaxing)
 .debug_str     0x00000000000045d0      0x15f .build/obj_kb_default/protocol/lufa/LUFA-git/LUFA/Drivers/USB/Core/AVR8/USBInterrupt_AVR8.o
                                        0x696 (size before relaxing)
 .debug_str     0x000000000000472f      0x426 .build/obj_kb_default/protocol/lufa/LUFA-git/LUFA/Drivers/USB/Core/DeviceStandardReq.o
                                        0x9f6 (size before relaxing)
 .debug_str     0x0000000000004b55       0x50 .build/obj_kb_default/protocol/lufa/LUFA-git/LUFA/Drivers/USB/Core/Events.o
                                        0x1bf (size before relaxing)
 .debug_str     0x0000000000004ba5       0x5e .build/obj_kb_default/protocol/lufa/LUFA-git/LUFA/Drivers/USB/Core/USBTask.o
                                        0x3f5 (size before relaxing)

.debug_loc      0x0000000000000000     0xa31a
 *(.debug_loc)
 .debug_loc     0x0000000000000000       0x66 .build/obj_kb_default/keyboards/kb/keymaps/default/keymap.o
 .debug_loc     0x0000000000000066      0xa76 .build/obj_kb_default/quantum/quantum.o
 .debug_loc     0x0000000000000adc      0x55c .build/obj_kb_default/quantum/keymap_common.o
 .debug_loc     0x0000000000001038      0x17e .build/obj_kb_default/quantum/keycode_config.o
 .debug_loc     0x00000000000011b6       0xf8 .build/obj_kb_default/quantum/process_keycode/process_leader.o
 .debug_loc     0x00000000000012ae      0x60f .build/obj_kb_default/quantum/matrix.o
 .debug_loc     0x00000000000018bd      0x2e4 .build/obj_kb_default/quantum/light_ws2812.o
 .debug_loc     0x0000000000001ba1     0x133a .build/obj_kb_default/quantum/rgblight.o
 .debug_loc     0x0000000000002edb       0xf0 .build/obj_kb_default/common/host.o
 .debug_loc     0x0000000000002fcb      0x217 .build/obj_kb_default/common/keyboard.o
 .debug_loc     0x00000000000031e2      0xb44 .build/obj_kb_default/common/action.o
 .debug_loc     0x0000000000003d26      0x694 .build/obj_kb_default/common/action_tapping.o
 .debug_loc     0x00000000000043ba      0x583 .build/obj_kb_default/common/action_macro.o
 .debug_loc     0x000000000000493d      0x9cd .build/obj_kb_default/common/action_layer.o
 .debug_loc     0x000000000000530a      0x3ab .build/obj_kb_default/common/action_util.o
 .debug_loc     0x00000000000056b5       0x96 .build/obj_kb_default/common/eeconfig.o
 .debug_loc     0x000000000000574b       0xc9 .build/obj_kb_default/common/avr/suspend.o
 .debug_loc     0x0000000000005814      0x35b .build/obj_kb_default/common/avr/timer.o
 .debug_loc     0x0000000000005b6f       0x4e .build/obj_kb_default/common/avr/bootloader.o
 .debug_loc     0x0000000000005bbd      0x2fa .build/obj_kb_default/common/bootmagic.o
 .debug_loc     0x0000000000005eb7      0x46f .build/obj_kb_default/common/mousekey.o
 .debug_loc     0x0000000000006326      0x809 .build/obj_kb_default/lufa.o
 .debug_loc     0x0000000000006b2f      0x2d9 .build/obj_kb_default/descriptor.o
 .debug_loc     0x0000000000006e08     0x274e .build/obj_kb_default/protocol/lufa/LUFA-git/LUFA/Drivers/USB/Core/AVR8/EndpointStream_AVR8.o
 .debug_loc     0x0000000000009556      0x4cf .build/obj_kb_default/protocol/lufa/LUFA-git/LUFA/Drivers/USB/Core/AVR8/Endpoint_AVR8.o
 .debug_loc     0x0000000000009a25       0xf9 .build/obj_kb_default/protocol/lufa/LUFA-git/LUFA/Drivers/USB/Core/AVR8/USBController_AVR8.o
 .debug_loc     0x0000000000009b1e      0x437 .build/obj_kb_default/protocol/lufa/LUFA-git/LUFA/Drivers/USB/Core/AVR8/USBInterrupt_AVR8.o
 .debug_loc     0x0000000000009f55      0x363 .build/obj_kb_default/protocol/lufa/LUFA-git/LUFA/Drivers/USB/Core/DeviceStandardReq.o
 .debug_loc     0x000000000000a2b8       0x62 .build/obj_kb_default/protocol/lufa/LUFA-git/LUFA/Drivers/USB/Core/USBTask.o

.debug_macinfo
 *(.debug_macinfo)

.debug_weaknames
 *(.debug_weaknames)

.debug_funcnames
 *(.debug_funcnames)

.debug_typenames
 *(.debug_typenames)

.debug_varnames
 *(.debug_varnames)

.debug_pubtypes
 *(.debug_pubtypes)

.debug_ranges   0x0000000000000000     0x12d0
 *(.debug_ranges)
 .debug_ranges  0x0000000000000000       0x28 .build/obj_kb_default/keyboards/kb/keymaps/default/keymap.o
 .debug_ranges  0x0000000000000028       0xe8 .build/obj_kb_default/quantum/quantum.o
 .debug_ranges  0x0000000000000110       0x30 .build/obj_kb_default/quantum/keymap_common.o
 .debug_ranges  0x0000000000000140       0x10 .build/obj_kb_default/quantum/keycode_config.o
 .debug_ranges  0x0000000000000150       0x18 .build/obj_kb_default/quantum/process_keycode/process_leader.o
 .debug_ranges  0x0000000000000168      0x160 .build/obj_kb_default/quantum/matrix.o
 .debug_ranges  0x00000000000002c8       0x30 .build/obj_kb_default/quantum/light_ws2812.o
 .debug_ranges  0x00000000000002f8      0x118 .build/obj_kb_default/quantum/rgblight.o
 .debug_ranges  0x0000000000000410       0x50 .build/obj_kb_default/common/host.o
 .debug_ranges  0x0000000000000460       0x98 .build/obj_kb_default/common/keyboard.o